BL51 BANKED LINKER/LOCATER V6.22                                                        07/21/2014  16:39:35  PAGE 1


BL51 BANKED LINKER/LOCATER V6.22, INVOKED BY:
C:\MYPROG\KEIL\C51\BIN\BL51.EXE HELLO.obj, program.obj, boolean.obj, transfer.obj, logical.obj, arithmetic.obj, instruct
>> ion.obj TO HELLO RAMSIZE (256)


MEMORY MODEL: SMALL


INPUT MODULES INCLUDED:
  HELLO.obj (HELLO)
  program.obj (PROGRAM)
  boolean.obj (BOOLEAN)
  transfer.obj (TRANSFER)
  logical.obj (LOGICAL)
  arithmetic.obj (ARITHMETIC)
  instruction.obj (INSTRUCTION)
  C:\MYPROG\KEIL\C51\LIB\C51S.LIB (?C_STARTUP)
  C:\MYPROG\KEIL\C51\LIB\C51S.LIB (PRINTF)
  C:\MYPROG\KEIL\C51\LIB\C51S.LIB (?C?CLDPTR)
  C:\MYPROG\KEIL\C51\LIB\C51S.LIB (?C?CLDOPTR)
  C:\MYPROG\KEIL\C51\LIB\C51S.LIB (?C?CSTPTR)
  C:\MYPROG\KEIL\C51\LIB\C51S.LIB (?C?PLDIIDATA)
  C:\MYPROG\KEIL\C51\LIB\C51S.LIB (?C?CCASE)
  C:\MYPROG\KEIL\C51\LIB\C51S.LIB (PUTCHAR)


LINK MAP OF MODULE:  HELLO (HELLO)


            TYPE    BASE      LENGTH    RELOCATION   SEGMENT NAME
            -----------------------------------------------------

            * * * * * * *   D A T A   M E M O R Y   * * * * * * *
            REG     0000H     0008H     ABSOLUTE     "REG BANK 0"
            DATA    0008H     0014H     UNIT         _DATA_GROUP_
                    001CH     0004H                  *** GAP ***
            BIT     0020H.0   0001H.1   UNIT         _BIT_GROUP_
                    0021H.1   0000H.7                *** GAP ***
            IDATA   0022H     0001H     UNIT         ?STACK

            * * * * * * *   C O D E   M E M O R Y   * * * * * * *
            CODE    0000H     0003H     ABSOLUTE     
            CODE    0003H     035CH     UNIT         ?PR?PRINTF?PRINTF
            CODE    035FH     0125H     UNIT         ?CO?TRANSFER
            CODE    0484H     00E7H     UNIT         ?CO?LOGICAL
            CODE    056BH     00D8H     UNIT         ?CO?ARITHMETIC
            CODE    0643H     00CDH     UNIT         ?PR?ADDC_A_RI?ARITHMETIC
            CODE    0710H     00CDH     UNIT         ?PR?SUBB_A_RI?ARITHMETIC
            CODE    07DDH     00C9H     UNIT         ?PR?ADD_A_RI?ARITHMETIC
            CODE    08A6H     00C9H     UNIT         ?PR?ADDC_A_DI?ARITHMETIC
            CODE    096FH     00C9H     UNIT         ?PR?SUBB_A_DI?ARITHMETIC
            CODE    0A38H     00C5H     UNIT         ?PR?ADD_A_DI?ARITHMETIC
            CODE    0AFDH     00C5H     UNIT         ?PR?ADDC_A_RN?ARITHMETIC
            CODE    0BC2H     00C5H     UNIT         ?PR?SUBB_A_RN?ARITHMETIC
            CODE    0C87H     00C1H     UNIT         ?PR?ADD_A_RN?ARITHMETIC
            CODE    0D48H     00C1H     UNIT         ?PR?ADDC_A_DA?ARITHMETIC
            CODE    0E09H     00C1H     UNIT         ?PR?SUBB_A_DA?ARITHMETIC
            CODE    0ECAH     00BDH     UNIT         ?PR?ADD_A_DA?ARITHMETIC
BL51 BANKED LINKER/LOCATER V6.22                                                      07/21/2014  16:39:35  PAGE 2


            CODE    0F87H     00B8H     UNIT         ?CO?PROGRAM
            CODE    103FH     009DH     UNIT         ?CO?BOOLEAN
            CODE    10DCH     008EH     UNIT         ?C?LIB_CODE
            CODE    116AH     0081H     UNIT         ?PR?MULT?ARITHMETIC
            CODE    11EBH     007DH     UNIT         ?PR?JBC_BIT?BOOLEAN
            CODE    1268H     0071H     UNIT         ?PR?DIVIDE?ARITHMETIC
            CODE    12D9H     006DH     UNIT         ?PR?DA_A?ARITHMETIC
            CODE    1346H     0065H     UNIT         ?PR?JB_BIT?BOOLEAN
            CODE    13ABH     0065H     UNIT         ?PR?JNB_BIT?BOOLEAN
            CODE    1410H     005BH     UNIT         ?PR?JC_C?BOOLEAN
            CODE    146BH     005BH     UNIT         ?PR?JNC_C?BOOLEAN
            CODE    14C6H     0054H     UNIT         ?PR?TRANSFER?INSTRUCTION
            CODE    151AH     004DH     UNIT         ?PR?INC_DP?ARITHMETIC
            CODE    1567H     004BH     UNIT         ?PR?LOGICAL?INSTRUCTION
            CODE    15B2H     0048H     UNIT         ?PR?ARITHMETIC?INSTRUCTION
            CODE    15FAH     0047H     UNIT         ?PR?CJNE_A_DI_REL?PROGRAM
            CODE    1641H     0045H     UNIT         ?PR?INC_RI?ARITHMETIC
            CODE    1686H     0045H     UNIT         ?PR?DEC_RI?ARITHMETIC
            CODE    16CBH     0044H     UNIT         ?PR?LCALL_FUNC?PROGRAM
            CODE    170FH     0044H     UNIT         ?PR?CJNE_RI_DA_REL?PROGRAM
            CODE    1753H     0044H     UNIT         ?PR?DJNZ_DI_REL?PROGRAM
            CODE    1797H     0044H     UNIT         ?PR?INC_DI?ARITHMETIC
            CODE    17DBH     0044H     UNIT         ?PR?DEC_DI?ARITHMETIC
            CODE    181FH     0043H     UNIT         ?PR?ACALL_FUNC?PROGRAM
            CODE    1862H     0043H     UNIT         ?PR?INC_RN?ARITHMETIC
            CODE    18A5H     0043H     UNIT         ?PR?DEC_RN?ARITHMETIC
            CODE    18E8H     0042H     UNIT         ?PR?CJNE_A_DA_REL?PROGRAM
            CODE    192AH     0042H     UNIT         ?PR?CJNE_RN_DA_REL?PROGRAM
            CODE    196CH     0042H     UNIT         ?PR?DJNZ_RN_REL?PROGRAM
            CODE    19AEH     0040H     UNIT         ?PR?INC_A?ARITHMETIC
            CODE    19EEH     0040H     UNIT         ?PR?DEC_A?ARITHMETIC
            CODE    1A2EH     003CH     UNIT         ?PR?PUSH_DI?TRANSFER
            CODE    1A6AH     003BH     UNIT         ?PR?POP_DI?TRANSFER
            CODE    1AA5H     003AH     UNIT         ?PR?JZ_FUNC?PROGRAM
            CODE    1ADFH     003AH     UNIT         ?PR?JNZ_FUNC?PROGRAM
            CODE    1B19H     0039H     UNIT         ?PR?RET_FUNC?PROGRAM
            CODE    1B52H     0039H     UNIT         ?PR?RETI_FUNC?PROGRAM
            CODE    1B8BH     0038H     UNIT         ?PR?XCH_A_RI?TRANSFER
            CODE    1BC3H     0038H     UNIT         ?PR?XCHD_A_RI?TRANSFER
            CODE    1BFBH     0037H     UNIT         ?PR?XCH_A_DI?TRANSFER
            CODE    1C32H     0035H     UNIT         ?PR?XCH_A_RN?TRANSFER
            CODE    1C67H     0034H     UNIT         ?PR?MOV_DP_DA?TRANSFER
            CODE    1C9BH     0033H     UNIT         ?PR?BOOLEAN?INSTRUCTION
            CODE    1CCEH     0031H     UNIT         ?PR?JMP_FUNC?PROGRAM
            CODE    1CFFH     0031H     UNIT         ?PR?MOVC_A_DP?TRANSFER
            CODE    1D30H     002FH     UNIT         ?PR?MAIN?HELLO
            CODE    1D5FH     002FH     UNIT         ?PR?MOVC_A_PC?TRANSFER
            CODE    1D8EH     002FH     UNIT         ?PR?RLC_A?LOGICAL
            CODE    1DBDH     002FH     UNIT         ?PR?RRC_A?LOGICAL
            CODE    1DECH     002EH     UNIT         ?PR?ANL_DI_A?LOGICAL
            CODE    1E1AH     002EH     UNIT         ?PR?ORL_DI_A?LOGICAL
            CODE    1E48H     002EH     UNIT         ?PR?XRL_DI_A?LOGICAL
            CODE    1E76H     002DH     UNIT         ?CO?HELLO
            CODE    1EA3H     002DH     UNIT         ?PR?MOV_BIT_C?BOOLEAN
            CODE    1ED0H     002DH     UNIT         ?PR?MOV_DI_RI?TRANSFER
            CODE    1EFDH     002DH     UNIT         ?PR?MOV_RI_DI?TRANSFER
            CODE    1F2AH     002DH     UNIT         ?PR?MOVX_A_DP?TRANSFER
BL51 BANKED LINKER/LOCATER V6.22                                                      07/21/2014  16:39:35  PAGE 3


            CODE    1F57H     002DH     UNIT         ?PR?MOVX_DP_A?TRANSFER
            CODE    1F84H     002DH     UNIT         ?PR?PROGRAM?INSTRUCTION
            CODE    1FB1H     002CH     UNIT         ?PR?CLR_BIT?BOOLEAN
            CODE    1FDDH     002CH     UNIT         ?PR?SETB_BIT?BOOLEAN
            CODE    2009H     002CH     UNIT         ?PR?CPL_BIT?BOOLEAN
            CODE    2035H     002CH     UNIT         ?PR?MOV_A_RI?TRANSFER
            CODE    2061H     002CH     UNIT         ?PR?MOV_DI_DI?TRANSFER
            CODE    208DH     002CH     UNIT         ?PR?MOV_RI_A?TRANSFER
            CODE    20B9H     002CH     UNIT         ?PR?MOVX_A_RI?TRANSFER
            CODE    20E5H     002CH     UNIT         ?PR?MOVX_RI_A?TRANSFER
            CODE    2111H     002CH     UNIT         ?PR?ANL_A_RI?LOGICAL
            CODE    213DH     002CH     UNIT         ?PR?ANL_DI_DA?LOGICAL
            CODE    2169H     002CH     UNIT         ?PR?ORL_A_RI?LOGICAL
            CODE    2195H     002CH     UNIT         ?PR?ORL_DI_DA?LOGICAL
            CODE    21C1H     002CH     UNIT         ?PR?XRL_A_RI?LOGICAL
            CODE    21EDH     002CH     UNIT         ?PR?XRL_DI_DA?LOGICAL
            CODE    2219H     002BH     UNIT         ?PR?MOV_A_DI?TRANSFER
            CODE    2244H     002BH     UNIT         ?PR?MOV_RN_A?TRANSFER
            CODE    226FH     002BH     UNIT         ?PR?MOV_RN_DI?TRANSFER
            CODE    229AH     002BH     UNIT         ?PR?MOV_DI_A?TRANSFER
            CODE    22C5H     002BH     UNIT         ?PR?MOV_DI_RN?TRANSFER
            CODE    22F0H     002BH     UNIT         ?PR?MOV_RI_DA?TRANSFER
            CODE    231BH     002BH     UNIT         ?PR?ANL_A_DI?LOGICAL
            CODE    2346H     002BH     UNIT         ?PR?ORL_A_DI?LOGICAL
            CODE    2371H     002BH     UNIT         ?PR?XRL_A_DI?LOGICAL
            CODE    239CH     002AH     UNIT         ?PR?MOV_A_RN?TRANSFER
            CODE    23C6H     002AH     UNIT         ?PR?MOV_DI_DA?TRANSFER
            CODE    23F0H     002AH     UNIT         ?PR?ANL_A_RN?LOGICAL
            CODE    241AH     002AH     UNIT         ?PR?ORL_A_RN?LOGICAL
            CODE    2444H     002AH     UNIT         ?PR?XRL_A_RN?LOGICAL
            CODE    246EH     0029H     UNIT         ?PR?ANL_C_BIT?BOOLEAN
            CODE    2497H     0029H     UNIT         ?PR?ANL_C_NBIT?BOOLEAN
            CODE    24C0H     0029H     UNIT         ?PR?ORL_C_BIT?BOOLEAN
            CODE    24E9H     0029H     UNIT         ?PR?ORL_C_NBIT?BOOLEAN
            CODE    2512H     0029H     UNIT         ?PR?MOV_C_BIT?BOOLEAN
            CODE    253BH     0029H     UNIT         ?PR?MOV_RN_DA?TRANSFER
            CODE    2564H     0029H     UNIT         ?PR?ANL_A_DA?LOGICAL
            CODE    258DH     0029H     UNIT         ?PR?ORL_A_DA?LOGICAL
            CODE    25B6H     0029H     UNIT         ?PR?XRL_A_DA?LOGICAL
            CODE    25DFH     0028H     UNIT         ?PR?AJMP_FUNC?PROGRAM
            CODE    2607H     0028H     UNIT         ?PR?SJMP_FUNC?PROGRAM
            CODE    262FH     0027H     UNIT         ?PR?CPL_A?LOGICAL
            CODE    2656H     0027H     UNIT         ?PR?RL_A?LOGICAL
            CODE    267DH     0027H     UNIT         ?PR?RR_A?LOGICAL
            CODE    26A4H     0027H     UNIT         ?PR?SWAP_A?LOGICAL
            CODE    26CBH     0027H     UNIT         ?PR?PUTCHAR?PUTCHAR
            CODE    26F2H     0026H     UNIT         ?PR?MOV_A_DA?TRANSFER
            CODE    2718H     0025H     UNIT         ?PR?CLR_C?BOOLEAN
            CODE    273DH     0025H     UNIT         ?PR?CPL_C?BOOLEAN
            CODE    2762H     0025H     UNIT         ?PR?CLR_A?LOGICAL
            CODE    2787H     0024H     UNIT         ?PR?SETB_C?BOOLEAN
            CODE    27ABH     0012H     UNIT         ?PR?ERROR?INSTRUCTION
            CODE    27BDH     000FH     UNIT         ?PR?INSTRUCTION_TEST_ALL?INSTRUCTION
            CODE    27CCH     000FH     UNIT         ?CO?INSTRUCTION
            CODE    27DBH     000CH     UNIT         ?C_C51STARTUP


BL51 BANKED LINKER/LOCATER V6.22                                                      07/21/2014  16:39:35  PAGE 4



OVERLAY MAP OF MODULE:   HELLO (HELLO)


SEGMENT                                         BIT_GROUP          DATA_GROUP 
  +--> CALLED SEGMENT                        START    LENGTH     START    LENGTH
--------------------------------------------------------------------------------
?C_C51STARTUP                                -----    -----      -----    -----
  +--> ?PR?MAIN?HELLO

?PR?MAIN?HELLO                               -----    -----      -----    -----
  +--> ?PR?INSTRUCTION_TEST_ALL?INSTRUCTION
  +--> ?CO?HELLO
  +--> ?PR?PRINTF?PRINTF

?PR?INSTRUCTION_TEST_ALL?INSTRUCTION         -----    -----      -----    -----
  +--> ?PR?ARITHMETIC?INSTRUCTION
  +--> ?PR?LOGICAL?INSTRUCTION
  +--> ?PR?TRANSFER?INSTRUCTION
  +--> ?PR?BOOLEAN?INSTRUCTION
  +--> ?PR?PROGRAM?INSTRUCTION

?PR?ARITHMETIC?INSTRUCTION                   -----    -----      -----    -----
  +--> ?PR?ADD_A_RN?ARITHMETIC
  +--> ?PR?ADD_A_DI?ARITHMETIC
  +--> ?PR?ADD_A_RI?ARITHMETIC
  +--> ?PR?ADD_A_DA?ARITHMETIC
  +--> ?PR?ADDC_A_RN?ARITHMETIC
  +--> ?PR?ADDC_A_DI?ARITHMETIC
  +--> ?PR?ADDC_A_RI?ARITHMETIC
  +--> ?PR?ADDC_A_DA?ARITHMETIC
  +--> ?PR?SUBB_A_RN?ARITHMETIC
  +--> ?PR?SUBB_A_DI?ARITHMETIC
  +--> ?PR?SUBB_A_RI?ARITHMETIC
  +--> ?PR?SUBB_A_DA?ARITHMETIC
  +--> ?PR?INC_A?ARITHMETIC
  +--> ?PR?INC_RN?ARITHMETIC
  +--> ?PR?INC_DI?ARITHMETIC
  +--> ?PR?INC_RI?ARITHMETIC
  +--> ?PR?INC_DP?ARITHMETIC
  +--> ?PR?DEC_A?ARITHMETIC
  +--> ?PR?DEC_RN?ARITHMETIC
  +--> ?PR?DEC_DI?ARITHMETIC
  +--> ?PR?DEC_RI?ARITHMETIC
  +--> ?PR?MULT?ARITHMETIC
  +--> ?PR?DIVIDE?ARITHMETIC
  +--> ?PR?DA_A?ARITHMETIC

?PR?ADD_A_RN?ARITHMETIC                      -----    -----      -----    -----
  +--> ?CO?ARITHMETIC
  +--> ?PR?PRINTF?PRINTF
  +--> ?PR?ERROR?INSTRUCTION

?PR?PRINTF?PRINTF                            0020H.0  0001H.1    0008H    0014H
  +--> ?PR?PUTCHAR?PUTCHAR

?PR?ERROR?INSTRUCTION                        -----    -----      -----    -----
BL51 BANKED LINKER/LOCATER V6.22                                                      07/21/2014  16:39:35  PAGE 5


  +--> ?CO?INSTRUCTION
  +--> ?PR?PRINTF?PRINTF

?PR?ADD_A_DI?ARITHMETIC                      -----    -----      -----    -----
  +--> ?CO?ARITHMETIC
  +--> ?PR?PRINTF?PRINTF
  +--> ?PR?ERROR?INSTRUCTION

?PR?ADD_A_RI?ARITHMETIC                      -----    -----      -----    -----
  +--> ?CO?ARITHMETIC
  +--> ?PR?PRINTF?PRINTF
  +--> ?PR?ERROR?INSTRUCTION

?PR?ADD_A_DA?ARITHMETIC                      -----    -----      -----    -----
  +--> ?CO?ARITHMETIC
  +--> ?PR?PRINTF?PRINTF
  +--> ?PR?ERROR?INSTRUCTION

?PR?ADDC_A_RN?ARITHMETIC                     -----    -----      -----    -----
  +--> ?CO?ARITHMETIC
  +--> ?PR?PRINTF?PRINTF
  +--> ?PR?ERROR?INSTRUCTION

?PR?ADDC_A_DI?ARITHMETIC                     -----    -----      -----    -----
  +--> ?CO?ARITHMETIC
  +--> ?PR?PRINTF?PRINTF
  +--> ?PR?ERROR?INSTRUCTION

?PR?ADDC_A_RI?ARITHMETIC                     -----    -----      -----    -----
  +--> ?CO?ARITHMETIC
  +--> ?PR?PRINTF?PRINTF
  +--> ?PR?ERROR?INSTRUCTION

?PR?ADDC_A_DA?ARITHMETIC                     -----    -----      -----    -----
  +--> ?CO?ARITHMETIC
  +--> ?PR?PRINTF?PRINTF
  +--> ?PR?ERROR?INSTRUCTION

?PR?SUBB_A_RN?ARITHMETIC                     -----    -----      -----    -----
  +--> ?CO?ARITHMETIC
  +--> ?PR?PRINTF?PRINTF
  +--> ?PR?ERROR?INSTRUCTION

?PR?SUBB_A_DI?ARITHMETIC                     -----    -----      -----    -----
  +--> ?CO?ARITHMETIC
  +--> ?PR?PRINTF?PRINTF
  +--> ?PR?ERROR?INSTRUCTION

?PR?SUBB_A_RI?ARITHMETIC                     -----    -----      -----    -----
  +--> ?CO?ARITHMETIC
  +--> ?PR?PRINTF?PRINTF
  +--> ?PR?ERROR?INSTRUCTION

?PR?SUBB_A_DA?ARITHMETIC                     -----    -----      -----    -----
  +--> ?CO?ARITHMETIC
  +--> ?PR?PRINTF?PRINTF
  +--> ?PR?ERROR?INSTRUCTION
BL51 BANKED LINKER/LOCATER V6.22                                                      07/21/2014  16:39:35  PAGE 6



?PR?INC_A?ARITHMETIC                         -----    -----      -----    -----
  +--> ?CO?ARITHMETIC
  +--> ?PR?PRINTF?PRINTF
  +--> ?PR?ERROR?INSTRUCTION

?PR?INC_RN?ARITHMETIC                        -----    -----      -----    -----
  +--> ?CO?ARITHMETIC
  +--> ?PR?PRINTF?PRINTF
  +--> ?PR?ERROR?INSTRUCTION

?PR?INC_DI?ARITHMETIC                        -----    -----      -----    -----
  +--> ?CO?ARITHMETIC
  +--> ?PR?PRINTF?PRINTF
  +--> ?PR?ERROR?INSTRUCTION

?PR?INC_RI?ARITHMETIC                        -----    -----      -----    -----
  +--> ?CO?ARITHMETIC
  +--> ?PR?PRINTF?PRINTF
  +--> ?PR?ERROR?INSTRUCTION

?PR?INC_DP?ARITHMETIC                        -----    -----      -----    -----
  +--> ?CO?ARITHMETIC
  +--> ?PR?PRINTF?PRINTF
  +--> ?PR?ERROR?INSTRUCTION

?PR?DEC_A?ARITHMETIC                         -----    -----      -----    -----
  +--> ?CO?ARITHMETIC
  +--> ?PR?PRINTF?PRINTF
  +--> ?PR?ERROR?INSTRUCTION

?PR?DEC_RN?ARITHMETIC                        -----    -----      -----    -----
  +--> ?CO?ARITHMETIC
  +--> ?PR?PRINTF?PRINTF
  +--> ?PR?ERROR?INSTRUCTION

?PR?DEC_DI?ARITHMETIC                        -----    -----      -----    -----
  +--> ?CO?ARITHMETIC
  +--> ?PR?PRINTF?PRINTF
  +--> ?PR?ERROR?INSTRUCTION

?PR?DEC_RI?ARITHMETIC                        -----    -----      -----    -----
  +--> ?CO?ARITHMETIC
  +--> ?PR?PRINTF?PRINTF
  +--> ?PR?ERROR?INSTRUCTION

?PR?MULT?ARITHMETIC                          -----    -----      -----    -----
  +--> ?CO?ARITHMETIC
  +--> ?PR?PRINTF?PRINTF
  +--> ?PR?ERROR?INSTRUCTION

?PR?DIVIDE?ARITHMETIC                        -----    -----      -----    -----
  +--> ?CO?ARITHMETIC
  +--> ?PR?PRINTF?PRINTF
  +--> ?PR?ERROR?INSTRUCTION

?PR?DA_A?ARITHMETIC                          -----    -----      -----    -----
BL51 BANKED LINKER/LOCATER V6.22                                                      07/21/2014  16:39:35  PAGE 7


  +--> ?CO?ARITHMETIC
  +--> ?PR?PRINTF?PRINTF
  +--> ?PR?ERROR?INSTRUCTION

?PR?LOGICAL?INSTRUCTION                      -----    -----      -----    -----
  +--> ?PR?ANL_A_RN?LOGICAL
  +--> ?PR?ANL_A_DI?LOGICAL
  +--> ?PR?ANL_A_RI?LOGICAL
  +--> ?PR?ANL_A_DA?LOGICAL
  +--> ?PR?ANL_DI_A?LOGICAL
  +--> ?PR?ANL_DI_DA?LOGICAL
  +--> ?PR?ORL_A_RN?LOGICAL
  +--> ?PR?ORL_A_DI?LOGICAL
  +--> ?PR?ORL_A_RI?LOGICAL
  +--> ?PR?ORL_A_DA?LOGICAL
  +--> ?PR?ORL_DI_A?LOGICAL
  +--> ?PR?ORL_DI_DA?LOGICAL
  +--> ?PR?XRL_A_RN?LOGICAL
  +--> ?PR?XRL_A_DI?LOGICAL
  +--> ?PR?XRL_A_RI?LOGICAL
  +--> ?PR?XRL_A_DA?LOGICAL
  +--> ?PR?XRL_DI_A?LOGICAL
  +--> ?PR?XRL_DI_DA?LOGICAL
  +--> ?PR?CLR_A?LOGICAL
  +--> ?PR?CPL_A?LOGICAL
  +--> ?PR?RL_A?LOGICAL
  +--> ?PR?RLC_A?LOGICAL
  +--> ?PR?RR_A?LOGICAL
  +--> ?PR?RRC_A?LOGICAL
  +--> ?PR?SWAP_A?LOGICAL

?PR?ANL_A_RN?LOGICAL                         -----    -----      -----    -----
  +--> ?CO?LOGICAL
  +--> ?PR?PRINTF?PRINTF
  +--> ?PR?ERROR?INSTRUCTION

?PR?ANL_A_DI?LOGICAL                         -----    -----      -----    -----
  +--> ?CO?LOGICAL
  +--> ?PR?PRINTF?PRINTF
  +--> ?PR?ERROR?INSTRUCTION

?PR?ANL_A_RI?LOGICAL                         -----    -----      -----    -----
  +--> ?CO?LOGICAL
  +--> ?PR?PRINTF?PRINTF
  +--> ?PR?ERROR?INSTRUCTION

?PR?ANL_A_DA?LOGICAL                         -----    -----      -----    -----
  +--> ?CO?LOGICAL
  +--> ?PR?PRINTF?PRINTF
  +--> ?PR?ERROR?INSTRUCTION

?PR?ANL_DI_A?LOGICAL                         -----    -----      -----    -----
  +--> ?CO?LOGICAL
  +--> ?PR?PRINTF?PRINTF
  +--> ?PR?ERROR?INSTRUCTION

?PR?ANL_DI_DA?LOGICAL                        -----    -----      -----    -----
BL51 BANKED LINKER/LOCATER V6.22                                                      07/21/2014  16:39:35  PAGE 8


  +--> ?CO?LOGICAL
  +--> ?PR?PRINTF?PRINTF
  +--> ?PR?ERROR?INSTRUCTION

?PR?ORL_A_RN?LOGICAL                         -----    -----      -----    -----
  +--> ?CO?LOGICAL
  +--> ?PR?PRINTF?PRINTF
  +--> ?PR?ERROR?INSTRUCTION

?PR?ORL_A_DI?LOGICAL                         -----    -----      -----    -----
  +--> ?CO?LOGICAL
  +--> ?PR?PRINTF?PRINTF
  +--> ?PR?ERROR?INSTRUCTION

?PR?ORL_A_RI?LOGICAL                         -----    -----      -----    -----
  +--> ?CO?LOGICAL
  +--> ?PR?PRINTF?PRINTF
  +--> ?PR?ERROR?INSTRUCTION

?PR?ORL_A_DA?LOGICAL                         -----    -----      -----    -----
  +--> ?CO?LOGICAL
  +--> ?PR?PRINTF?PRINTF
  +--> ?PR?ERROR?INSTRUCTION

?PR?ORL_DI_A?LOGICAL                         -----    -----      -----    -----
  +--> ?CO?LOGICAL
  +--> ?PR?PRINTF?PRINTF
  +--> ?PR?ERROR?INSTRUCTION

?PR?ORL_DI_DA?LOGICAL                        -----    -----      -----    -----
  +--> ?CO?LOGICAL
  +--> ?PR?PRINTF?PRINTF
  +--> ?PR?ERROR?INSTRUCTION

?PR?XRL_A_RN?LOGICAL                         -----    -----      -----    -----
  +--> ?CO?LOGICAL
  +--> ?PR?PRINTF?PRINTF
  +--> ?PR?ERROR?INSTRUCTION

?PR?XRL_A_DI?LOGICAL                         -----    -----      -----    -----
  +--> ?CO?LOGICAL
  +--> ?PR?PRINTF?PRINTF
  +--> ?PR?ERROR?INSTRUCTION

?PR?XRL_A_RI?LOGICAL                         -----    -----      -----    -----
  +--> ?CO?LOGICAL
  +--> ?PR?PRINTF?PRINTF
  +--> ?PR?ERROR?INSTRUCTION

?PR?XRL_A_DA?LOGICAL                         -----    -----      -----    -----
  +--> ?CO?LOGICAL
  +--> ?PR?PRINTF?PRINTF
  +--> ?PR?ERROR?INSTRUCTION

?PR?XRL_DI_A?LOGICAL                         -----    -----      -----    -----
  +--> ?CO?LOGICAL
  +--> ?PR?PRINTF?PRINTF
BL51 BANKED LINKER/LOCATER V6.22                                                      07/21/2014  16:39:35  PAGE 9


  +--> ?PR?ERROR?INSTRUCTION

?PR?XRL_DI_DA?LOGICAL                        -----    -----      -----    -----
  +--> ?CO?LOGICAL
  +--> ?PR?PRINTF?PRINTF
  +--> ?PR?ERROR?INSTRUCTION

?PR?CLR_A?LOGICAL                            -----    -----      -----    -----
  +--> ?CO?LOGICAL
  +--> ?PR?PRINTF?PRINTF
  +--> ?PR?ERROR?INSTRUCTION

?PR?CPL_A?LOGICAL                            -----    -----      -----    -----
  +--> ?CO?LOGICAL
  +--> ?PR?PRINTF?PRINTF
  +--> ?PR?ERROR?INSTRUCTION

?PR?RL_A?LOGICAL                             -----    -----      -----    -----
  +--> ?CO?LOGICAL
  +--> ?PR?PRINTF?PRINTF
  +--> ?PR?ERROR?INSTRUCTION

?PR?RLC_A?LOGICAL                            -----    -----      -----    -----
  +--> ?CO?LOGICAL
  +--> ?PR?PRINTF?PRINTF
  +--> ?PR?ERROR?INSTRUCTION

?PR?RR_A?LOGICAL                             -----    -----      -----    -----
  +--> ?CO?LOGICAL
  +--> ?PR?PRINTF?PRINTF
  +--> ?PR?ERROR?INSTRUCTION

?PR?RRC_A?LOGICAL                            -----    -----      -----    -----
  +--> ?CO?LOGICAL
  +--> ?PR?PRINTF?PRINTF
  +--> ?PR?ERROR?INSTRUCTION

?PR?SWAP_A?LOGICAL                           -----    -----      -----    -----
  +--> ?CO?LOGICAL
  +--> ?PR?PRINTF?PRINTF
  +--> ?PR?ERROR?INSTRUCTION

?PR?TRANSFER?INSTRUCTION                     -----    -----      -----    -----
  +--> ?PR?MOV_A_RN?TRANSFER
  +--> ?PR?MOV_A_DI?TRANSFER
  +--> ?PR?MOV_A_RI?TRANSFER
  +--> ?PR?MOV_A_DA?TRANSFER
  +--> ?PR?MOV_RN_A?TRANSFER
  +--> ?PR?MOV_RN_DI?TRANSFER
  +--> ?PR?MOV_RN_DA?TRANSFER
  +--> ?PR?MOV_DI_A?TRANSFER
  +--> ?PR?MOV_DI_RN?TRANSFER
  +--> ?PR?MOV_DI_DI?TRANSFER
  +--> ?PR?MOV_DI_RI?TRANSFER
  +--> ?PR?MOV_DI_DA?TRANSFER
  +--> ?PR?MOV_RI_A?TRANSFER
  +--> ?PR?MOV_RI_DI?TRANSFER
BL51 BANKED LINKER/LOCATER V6.22                                                      07/21/2014  16:39:35  PAGE 10


  +--> ?PR?MOV_RI_DA?TRANSFER
  +--> ?PR?MOV_DP_DA?TRANSFER
  +--> ?PR?MOVC_A_DP?TRANSFER
  +--> ?PR?MOVC_A_PC?TRANSFER
  +--> ?PR?MOVX_A_RI?TRANSFER
  +--> ?PR?MOVX_A_DP?TRANSFER
  +--> ?PR?MOVX_RI_A?TRANSFER
  +--> ?PR?MOVX_DP_A?TRANSFER
  +--> ?PR?PUSH_DI?TRANSFER
  +--> ?PR?POP_DI?TRANSFER
  +--> ?PR?XCH_A_RN?TRANSFER
  +--> ?PR?XCH_A_DI?TRANSFER
  +--> ?PR?XCH_A_RI?TRANSFER
  +--> ?PR?XCHD_A_RI?TRANSFER

?PR?MOV_A_RN?TRANSFER                        -----    -----      -----    -----
  +--> ?CO?TRANSFER
  +--> ?PR?PRINTF?PRINTF
  +--> ?PR?ERROR?INSTRUCTION

?PR?MOV_A_DI?TRANSFER                        -----    -----      -----    -----
  +--> ?CO?TRANSFER
  +--> ?PR?PRINTF?PRINTF
  +--> ?PR?ERROR?INSTRUCTION

?PR?MOV_A_RI?TRANSFER                        -----    -----      -----    -----
  +--> ?CO?TRANSFER
  +--> ?PR?PRINTF?PRINTF
  +--> ?PR?ERROR?INSTRUCTION

?PR?MOV_A_DA?TRANSFER                        -----    -----      -----    -----
  +--> ?CO?TRANSFER
  +--> ?PR?PRINTF?PRINTF
  +--> ?PR?ERROR?INSTRUCTION

?PR?MOV_RN_A?TRANSFER                        -----    -----      -----    -----
  +--> ?CO?TRANSFER
  +--> ?PR?PRINTF?PRINTF
  +--> ?PR?ERROR?INSTRUCTION

?PR?MOV_RN_DI?TRANSFER                       -----    -----      -----    -----
  +--> ?CO?TRANSFER
  +--> ?PR?PRINTF?PRINTF
  +--> ?PR?ERROR?INSTRUCTION

?PR?MOV_RN_DA?TRANSFER                       -----    -----      -----    -----
  +--> ?CO?TRANSFER
  +--> ?PR?PRINTF?PRINTF
  +--> ?PR?ERROR?INSTRUCTION

?PR?MOV_DI_A?TRANSFER                        -----    -----      -----    -----
  +--> ?CO?TRANSFER
  +--> ?PR?PRINTF?PRINTF
  +--> ?PR?ERROR?INSTRUCTION

?PR?MOV_DI_RN?TRANSFER                       -----    -----      -----    -----
  +--> ?CO?TRANSFER
BL51 BANKED LINKER/LOCATER V6.22                                                      07/21/2014  16:39:35  PAGE 11


  +--> ?PR?PRINTF?PRINTF
  +--> ?PR?ERROR?INSTRUCTION

?PR?MOV_DI_DI?TRANSFER                       -----    -----      -----    -----
  +--> ?CO?TRANSFER
  +--> ?PR?PRINTF?PRINTF
  +--> ?PR?ERROR?INSTRUCTION

?PR?MOV_DI_RI?TRANSFER                       -----    -----      -----    -----
  +--> ?CO?TRANSFER
  +--> ?PR?PRINTF?PRINTF
  +--> ?PR?ERROR?INSTRUCTION

?PR?MOV_DI_DA?TRANSFER                       -----    -----      -----    -----
  +--> ?CO?TRANSFER
  +--> ?PR?PRINTF?PRINTF
  +--> ?PR?ERROR?INSTRUCTION

?PR?MOV_RI_A?TRANSFER                        -----    -----      -----    -----
  +--> ?CO?TRANSFER
  +--> ?PR?PRINTF?PRINTF
  +--> ?PR?ERROR?INSTRUCTION

?PR?MOV_RI_DI?TRANSFER                       -----    -----      -----    -----
  +--> ?CO?TRANSFER
  +--> ?PR?PRINTF?PRINTF
  +--> ?PR?ERROR?INSTRUCTION

?PR?MOV_RI_DA?TRANSFER                       -----    -----      -----    -----
  +--> ?CO?TRANSFER
  +--> ?PR?PRINTF?PRINTF
  +--> ?PR?ERROR?INSTRUCTION

?PR?MOV_DP_DA?TRANSFER                       -----    -----      -----    -----
  +--> ?CO?TRANSFER
  +--> ?PR?PRINTF?PRINTF
  +--> ?PR?ERROR?INSTRUCTION

?PR?MOVC_A_DP?TRANSFER                       -----    -----      -----    -----
  +--> ?CO?TRANSFER
  +--> ?PR?PRINTF?PRINTF
  +--> ?PR?ERROR?INSTRUCTION

?PR?MOVC_A_PC?TRANSFER                       -----    -----      -----    -----
  +--> ?CO?TRANSFER
  +--> ?PR?PRINTF?PRINTF
  +--> ?PR?ERROR?INSTRUCTION

?PR?MOVX_A_RI?TRANSFER                       -----    -----      -----    -----
  +--> ?CO?TRANSFER
  +--> ?PR?PRINTF?PRINTF
  +--> ?PR?ERROR?INSTRUCTION

?PR?MOVX_A_DP?TRANSFER                       -----    -----      -----    -----
  +--> ?CO?TRANSFER
  +--> ?PR?PRINTF?PRINTF
  +--> ?PR?ERROR?INSTRUCTION
BL51 BANKED LINKER/LOCATER V6.22                                                      07/21/2014  16:39:35  PAGE 12



?PR?MOVX_RI_A?TRANSFER                       -----    -----      -----    -----
  +--> ?CO?TRANSFER
  +--> ?PR?PRINTF?PRINTF
  +--> ?PR?ERROR?INSTRUCTION

?PR?MOVX_DP_A?TRANSFER                       -----    -----      -----    -----
  +--> ?CO?TRANSFER
  +--> ?PR?PRINTF?PRINTF
  +--> ?PR?ERROR?INSTRUCTION

?PR?PUSH_DI?TRANSFER                         -----    -----      -----    -----
  +--> ?CO?TRANSFER
  +--> ?PR?PRINTF?PRINTF
  +--> ?PR?ERROR?INSTRUCTION

?PR?POP_DI?TRANSFER                          -----    -----      -----    -----
  +--> ?CO?TRANSFER
  +--> ?PR?PRINTF?PRINTF
  +--> ?PR?ERROR?INSTRUCTION

?PR?XCH_A_RN?TRANSFER                        -----    -----      -----    -----
  +--> ?CO?TRANSFER
  +--> ?PR?PRINTF?PRINTF
  +--> ?PR?ERROR?INSTRUCTION

?PR?XCH_A_DI?TRANSFER                        -----    -----      -----    -----
  +--> ?CO?TRANSFER
  +--> ?PR?PRINTF?PRINTF
  +--> ?PR?ERROR?INSTRUCTION

?PR?XCH_A_RI?TRANSFER                        -----    -----      -----    -----
  +--> ?CO?TRANSFER
  +--> ?PR?PRINTF?PRINTF
  +--> ?PR?ERROR?INSTRUCTION

?PR?XCHD_A_RI?TRANSFER                       -----    -----      -----    -----
  +--> ?CO?TRANSFER
  +--> ?PR?PRINTF?PRINTF
  +--> ?PR?ERROR?INSTRUCTION

?PR?BOOLEAN?INSTRUCTION                      -----    -----      -----    -----
  +--> ?PR?CLR_C?BOOLEAN
  +--> ?PR?CLR_BIT?BOOLEAN
  +--> ?PR?SETB_C?BOOLEAN
  +--> ?PR?SETB_BIT?BOOLEAN
  +--> ?PR?CPL_C?BOOLEAN
  +--> ?PR?CPL_BIT?BOOLEAN
  +--> ?PR?ANL_C_BIT?BOOLEAN
  +--> ?PR?ANL_C_NBIT?BOOLEAN
  +--> ?PR?ORL_C_BIT?BOOLEAN
  +--> ?PR?ORL_C_NBIT?BOOLEAN
  +--> ?PR?MOV_C_BIT?BOOLEAN
  +--> ?PR?MOV_BIT_C?BOOLEAN
  +--> ?PR?JC_C?BOOLEAN
  +--> ?PR?JNC_C?BOOLEAN
  +--> ?PR?JB_BIT?BOOLEAN
BL51 BANKED LINKER/LOCATER V6.22                                                      07/21/2014  16:39:35  PAGE 13


  +--> ?PR?JNB_BIT?BOOLEAN
  +--> ?PR?JBC_BIT?BOOLEAN

?PR?CLR_C?BOOLEAN                            -----    -----      -----    -----
  +--> ?CO?BOOLEAN
  +--> ?PR?PRINTF?PRINTF
  +--> ?PR?ERROR?INSTRUCTION

?PR?CLR_BIT?BOOLEAN                          -----    -----      -----    -----
  +--> ?CO?BOOLEAN
  +--> ?PR?PRINTF?PRINTF
  +--> ?PR?ERROR?INSTRUCTION

?PR?SETB_C?BOOLEAN                           -----    -----      -----    -----
  +--> ?CO?BOOLEAN
  +--> ?PR?PRINTF?PRINTF
  +--> ?PR?ERROR?INSTRUCTION

?PR?SETB_BIT?BOOLEAN                         -----    -----      -----    -----
  +--> ?CO?BOOLEAN
  +--> ?PR?PRINTF?PRINTF
  +--> ?PR?ERROR?INSTRUCTION

?PR?CPL_C?BOOLEAN                            -----    -----      -----    -----
  +--> ?CO?BOOLEAN
  +--> ?PR?PRINTF?PRINTF
  +--> ?PR?ERROR?INSTRUCTION

?PR?CPL_BIT?BOOLEAN                          -----    -----      -----    -----
  +--> ?CO?BOOLEAN
  +--> ?PR?PRINTF?PRINTF
  +--> ?PR?ERROR?INSTRUCTION

?PR?ANL_C_BIT?BOOLEAN                        -----    -----      -----    -----
  +--> ?CO?BOOLEAN
  +--> ?PR?PRINTF?PRINTF
  +--> ?PR?ERROR?INSTRUCTION

?PR?ANL_C_NBIT?BOOLEAN                       -----    -----      -----    -----
  +--> ?CO?BOOLEAN
  +--> ?PR?PRINTF?PRINTF
  +--> ?PR?ERROR?INSTRUCTION

?PR?ORL_C_BIT?BOOLEAN                        -----    -----      -----    -----
  +--> ?CO?BOOLEAN
  +--> ?PR?PRINTF?PRINTF
  +--> ?PR?ERROR?INSTRUCTION

?PR?ORL_C_NBIT?BOOLEAN                       -----    -----      -----    -----
  +--> ?CO?BOOLEAN
  +--> ?PR?PRINTF?PRINTF
  +--> ?PR?ERROR?INSTRUCTION

?PR?MOV_C_BIT?BOOLEAN                        -----    -----      -----    -----
  +--> ?CO?BOOLEAN
  +--> ?PR?PRINTF?PRINTF
  +--> ?PR?ERROR?INSTRUCTION
BL51 BANKED LINKER/LOCATER V6.22                                                      07/21/2014  16:39:35  PAGE 14



?PR?MOV_BIT_C?BOOLEAN                        -----    -----      -----    -----
  +--> ?CO?BOOLEAN
  +--> ?PR?PRINTF?PRINTF
  +--> ?PR?ERROR?INSTRUCTION

?PR?JC_C?BOOLEAN                             -----    -----      -----    -----
  +--> ?CO?BOOLEAN
  +--> ?PR?PRINTF?PRINTF
  +--> ?PR?ERROR?INSTRUCTION

?PR?JNC_C?BOOLEAN                            -----    -----      -----    -----
  +--> ?CO?BOOLEAN
  +--> ?PR?PRINTF?PRINTF
  +--> ?PR?ERROR?INSTRUCTION

?PR?JB_BIT?BOOLEAN                           -----    -----      -----    -----
  +--> ?CO?BOOLEAN
  +--> ?PR?PRINTF?PRINTF
  +--> ?PR?ERROR?INSTRUCTION

?PR?JNB_BIT?BOOLEAN                          -----    -----      -----    -----
  +--> ?CO?BOOLEAN
  +--> ?PR?PRINTF?PRINTF
  +--> ?PR?ERROR?INSTRUCTION

?PR?JBC_BIT?BOOLEAN                          -----    -----      -----    -----
  +--> ?CO?BOOLEAN
  +--> ?PR?PRINTF?PRINTF
  +--> ?PR?ERROR?INSTRUCTION

?PR?PROGRAM?INSTRUCTION                      -----    -----      -----    -----
  +--> ?PR?ACALL_FUNC?PROGRAM
  +--> ?PR?LCALL_FUNC?PROGRAM
  +--> ?PR?RET_FUNC?PROGRAM
  +--> ?PR?RETI_FUNC?PROGRAM
  +--> ?PR?AJMP_FUNC?PROGRAM
  +--> ?PR?SJMP_FUNC?PROGRAM
  +--> ?PR?JMP_FUNC?PROGRAM
  +--> ?PR?JZ_FUNC?PROGRAM
  +--> ?PR?JNZ_FUNC?PROGRAM
  +--> ?PR?CJNE_A_DI_REL?PROGRAM
  +--> ?PR?CJNE_A_DA_REL?PROGRAM
  +--> ?PR?CJNE_RN_DA_REL?PROGRAM
  +--> ?PR?CJNE_RI_DA_REL?PROGRAM
  +--> ?PR?DJNZ_RN_REL?PROGRAM
  +--> ?PR?DJNZ_DI_REL?PROGRAM

?PR?ACALL_FUNC?PROGRAM                       -----    -----      -----    -----
  +--> ?CO?PROGRAM
  +--> ?PR?PRINTF?PRINTF
  +--> ?PR?ERROR?INSTRUCTION

?PR?LCALL_FUNC?PROGRAM                       -----    -----      -----    -----
  +--> ?CO?PROGRAM
  +--> ?PR?PRINTF?PRINTF
  +--> ?PR?ERROR?INSTRUCTION
BL51 BANKED LINKER/LOCATER V6.22                                                      07/21/2014  16:39:35  PAGE 15



?PR?RET_FUNC?PROGRAM                         -----    -----      -----    -----
  +--> ?CO?PROGRAM
  +--> ?PR?PRINTF?PRINTF
  +--> ?PR?ERROR?INSTRUCTION

?PR?RETI_FUNC?PROGRAM                        -----    -----      -----    -----
  +--> ?CO?PROGRAM
  +--> ?PR?PRINTF?PRINTF
  +--> ?PR?ERROR?INSTRUCTION

?PR?AJMP_FUNC?PROGRAM                        -----    -----      -----    -----
  +--> ?CO?PROGRAM
  +--> ?PR?PRINTF?PRINTF
  +--> ?PR?ERROR?INSTRUCTION

?PR?SJMP_FUNC?PROGRAM                        -----    -----      -----    -----
  +--> ?CO?PROGRAM
  +--> ?PR?PRINTF?PRINTF
  +--> ?PR?ERROR?INSTRUCTION

?PR?JMP_FUNC?PROGRAM                         -----    -----      -----    -----
  +--> ?CO?PROGRAM
  +--> ?PR?PRINTF?PRINTF
  +--> ?PR?ERROR?INSTRUCTION

?PR?JZ_FUNC?PROGRAM                          -----    -----      -----    -----
  +--> ?CO?PROGRAM
  +--> ?PR?PRINTF?PRINTF
  +--> ?PR?ERROR?INSTRUCTION

?PR?JNZ_FUNC?PROGRAM                         -----    -----      -----    -----
  +--> ?CO?PROGRAM
  +--> ?PR?PRINTF?PRINTF
  +--> ?PR?ERROR?INSTRUCTION

?PR?CJNE_A_DI_REL?PROGRAM                    -----    -----      -----    -----
  +--> ?CO?PROGRAM
  +--> ?PR?PRINTF?PRINTF
  +--> ?PR?ERROR?INSTRUCTION

?PR?CJNE_A_DA_REL?PROGRAM                    -----    -----      -----    -----
  +--> ?CO?PROGRAM
  +--> ?PR?PRINTF?PRINTF
  +--> ?PR?ERROR?INSTRUCTION

?PR?CJNE_RN_DA_REL?PROGRAM                   -----    -----      -----    -----
  +--> ?CO?PROGRAM
  +--> ?PR?PRINTF?PRINTF
  +--> ?PR?ERROR?INSTRUCTION

?PR?CJNE_RI_DA_REL?PROGRAM                   -----    -----      -----    -----
  +--> ?CO?PROGRAM
  +--> ?PR?PRINTF?PRINTF
  +--> ?PR?ERROR?INSTRUCTION

?PR?DJNZ_RN_REL?PROGRAM                      -----    -----      -----    -----
BL51 BANKED LINKER/LOCATER V6.22                                                      07/21/2014  16:39:35  PAGE 16


  +--> ?CO?PROGRAM
  +--> ?PR?PRINTF?PRINTF
  +--> ?PR?ERROR?INSTRUCTION

?PR?DJNZ_DI_REL?PROGRAM                      -----    -----      -----    -----
  +--> ?CO?PROGRAM
  +--> ?PR?PRINTF?PRINTF
  +--> ?PR?ERROR?INSTRUCTION



SYMBOL TABLE OF MODULE:  HELLO (HELLO)

  VALUE           TYPE          NAME
  ----------------------------------

  -------         MODULE        HELLO
  C:0000H         SYMBOL        _ICE_DUMMY_
  D:0090H         PUBLIC        P1
  D:00B0H         PUBLIC        P3
  D:00A8H         PUBLIC        IE
  D:00B8H         PUBLIC        IP
  C:1D30H         PUBLIC        main
  D:0098H         PUBLIC        SCON
  D:0088H         PUBLIC        TCON
  D:00C8H         PUBLIC        T2CON
  D:00D0H         PUBLIC        PSW
  -------         PROC          MAIN
  C:1D30H         LINE#         19
  C:1D30H         LINE#         20
  C:1D36H         LINE#         22
  C:1D39H         LINE#         25
  C:1D41H         LINE#         26
  C:1D45H         LINE#         27
  C:1D47H         LINE#         28
  C:1D4EH         LINE#         29
  C:1D4EH         LINE#         30
  C:1D57H         LINE#         31
  C:1D5DH         LINE#         32
  -------         ENDPROC       MAIN
  -------         ENDMOD        HELLO

  -------         MODULE        PROGRAM
  C:181FH         SEGMENT       ?PR?ACALL_FUNC?PROGRAM
  C:16CBH         SEGMENT       ?PR?LCALL_FUNC?PROGRAM
  C:1B19H         SEGMENT       ?PR?RET_FUNC?PROGRAM
  C:1B52H         SEGMENT       ?PR?RETI_FUNC?PROGRAM
  C:25DFH         SEGMENT       ?PR?AJMP_FUNC?PROGRAM
  C:2607H         SEGMENT       ?PR?SJMP_FUNC?PROGRAM
  C:1CCEH         SEGMENT       ?PR?JMP_FUNC?PROGRAM
  C:1AA5H         SEGMENT       ?PR?JZ_FUNC?PROGRAM
  C:1ADFH         SEGMENT       ?PR?JNZ_FUNC?PROGRAM
  C:15FAH         SEGMENT       ?PR?CJNE_A_DI_REL?PROGRAM
  C:18E8H         SEGMENT       ?PR?CJNE_A_DA_REL?PROGRAM
  C:192AH         SEGMENT       ?PR?CJNE_RN_DA_REL?PROGRAM
  C:170FH         SEGMENT       ?PR?CJNE_RI_DA_REL?PROGRAM
  C:196CH         SEGMENT       ?PR?DJNZ_RN_REL?PROGRAM
BL51 BANKED LINKER/LOCATER V6.22                                                      07/21/2014  16:39:35  PAGE 17


  C:1753H         SEGMENT       ?PR?DJNZ_DI_REL?PROGRAM
  C:0F87H         SEGMENT       ?CO?PROGRAM
  C:181FH         PUBLIC        ACALL_FUNC
  C:25DFH         PUBLIC        AJMP_FUNC
  C:18E8H         PUBLIC        CJNE_A_DA_REL
  C:15FAH         PUBLIC        CJNE_A_DI_REL
  C:170FH         PUBLIC        CJNE_RI_DA_REL
  C:192AH         PUBLIC        CJNE_RN_DA_REL
  C:1753H         PUBLIC        DJNZ_DI_REL
  C:196CH         PUBLIC        DJNZ_RN_REL
  C:1CCEH         PUBLIC        JMP_FUNC
  C:1ADFH         PUBLIC        JNZ_FUNC
  C:1AA5H         PUBLIC        JZ_FUNC
  C:16CBH         PUBLIC        LCALL_FUNC
  C:1B52H         PUBLIC        RETI_FUNC
  C:1B19H         PUBLIC        RET_FUNC
  C:2607H         PUBLIC        SJMP_FUNC
  C:184EH         SYMBOL        ?C0001
  C:185BH         SYMBOL        ?C0002
  C:16FBH         SYMBOL        ?C0004
  C:1708H         SYMBOL        ?C0005
  C:1B4BH         SYMBOL        ?C0007
  C:1B84H         SYMBOL        ?C0009
  C:2600H         SYMBOL        ?C0011
  C:2628H         SYMBOL        ?C0013
  C:1CF8H         SYMBOL        ?C0015
  C:1AD8H         SYMBOL        ?C0017
  C:1B12H         SYMBOL        ?C0019
  C:1632H         SYMBOL        ?C0021
  C:163AH         SYMBOL        ?C0022
  C:191BH         SYMBOL        ?C0024
  C:1923H         SYMBOL        ?C0025
  C:195DH         SYMBOL        ?C0027
  C:1965H         SYMBOL        ?C0028
  C:1744H         SYMBOL        ?C0030
  C:174CH         SYMBOL        ?C0031
  C:199CH         SYMBOL        ?C0033
  C:19A7H         SYMBOL        ?C0034
  C:1785H         SYMBOL        ?C0036
  C:1790H         SYMBOL        ?C0037
  C:0F87H         SYMBOL        ?SC_0
  C:0FF6H         SYMBOL        ?SC_111
  C:0F93H         SYMBOL        ?SC_12
  C:1005H         SYMBOL        ?SC_126
  C:1015H         SYMBOL        ?SC_142
  C:1025H         SYMBOL        ?SC_158
  C:1032H         SYMBOL        ?SC_171
  C:0F9FH         SYMBOL        ?SC_24
  C:0FA9H         SYMBOL        ?SC_34
  C:0FB4H         SYMBOL        ?SC_45
  C:0FBFH         SYMBOL        ?SC_56
  C:0FCAH         SYMBOL        ?SC_67
  C:0FD4H         SYMBOL        ?SC_77
  C:0FDDH         SYMBOL        ?SC_86
  C:0FE7H         SYMBOL        ?SC_96
  B:00D0H.6       SYMBOL        AC
  D:00E0H         SYMBOL        ACC
BL51 BANKED LINKER/LOCATER V6.22                                                      07/21/2014  16:39:35  PAGE 18


  D:00F0H         SYMBOL        B
  B:00C8H.0       SYMBOL        CP_RL2
  B:00D0H.7       SYMBOL        CY
  B:00C8H.1       SYMBOL        C_T2
  D:0083H         SYMBOL        DPH
  D:0082H         SYMBOL        DPL
  B:00A8H.7       SYMBOL        EA
  B:00A8H.4       SYMBOL        ES
  B:00A8H.1       SYMBOL        ET0
  B:00A8H.3       SYMBOL        ET1
  B:00A8H.5       SYMBOL        ET2
  B:00A8H.0       SYMBOL        EX0
  B:00A8H.2       SYMBOL        EX1
  B:00C8H.3       SYMBOL        EXEN2
  B:00C8H.6       SYMBOL        EXF2
  C:1844H         SYMBOL        EXIT_ACALL
  C:25F8H         SYMBOL        EXIT_AJMP
  C:1910H         SYMBOL        EXIT_CJNE_A_DA_REL
  C:1627H         SYMBOL        EXIT_CJNE_A_DI_REL
  C:1739H         SYMBOL        EXIT_CJNE_RI_DA_REL
  C:1952H         SYMBOL        EXIT_CJNE_RN_DA_REL
  C:177AH         SYMBOL        EXIT_DJNZ_DI_REL
  C:1991H         SYMBOL        EXIT_DJNZ_RN_REL
  C:1CEEH         SYMBOL        EXIT_JMP
  C:1B07H         SYMBOL        EXIT_JNZ
  C:1ACDH         SYMBOL        EXIT_JZ
  C:16F1H         SYMBOL        EXIT_LCALL
  C:1B41H         SYMBOL        EXIT_RET
  C:1B7AH         SYMBOL        EXIT_RETI
  C:2620H         SYMBOL        EXIT_SJMP
  B:00D0H.5       SYMBOL        F0
  D:00A8H         SYMBOL        IE
  B:0088H.1       SYMBOL        IE0
  B:0088H.3       SYMBOL        IE1
  B:00B0H.2       SYMBOL        INT0
  B:00B0H.3       SYMBOL        INT1
  D:00B8H         SYMBOL        IP
  B:0088H.0       SYMBOL        IT0
  B:0088H.2       SYMBOL        IT1
  C:183CH         SYMBOL        JUMP_ACALL
  C:16E9H         SYMBOL        JUMP_LCALL
  C:1B3CH         SYMBOL        JUMP_RET
  C:1B75H         SYMBOL        JUMP_RETI
  B:00D0H.2       SYMBOL        OV
  B:00D0H.0       SYMBOL        P
  D:0080H         SYMBOL        P0
  D:0090H         SYMBOL        P1
  D:00A0H         SYMBOL        P2
  D:00B0H         SYMBOL        P3
  D:0087H         SYMBOL        PCON
  N:0000H         SYMBOL        PROGRAM
  B:00B8H.4       SYMBOL        PS
  D:00D0H         SYMBOL        PSW
  B:00B8H.1       SYMBOL        PT0
  B:00B8H.3       SYMBOL        PT1
  B:00B8H.5       SYMBOL        PT2
  B:00B8H.0       SYMBOL        PX0
BL51 BANKED LINKER/LOCATER V6.22                                                      07/21/2014  16:39:35  PAGE 19


  B:00B8H.2       SYMBOL        PX1
  B:0098H.2       SYMBOL        RB8
  D:00CBH         SYMBOL        RCAP2H
  D:00CAH         SYMBOL        RCAP2L
  B:00C8H.5       SYMBOL        RCLK
  B:00B0H.7       SYMBOL        RD
  B:0098H.4       SYMBOL        REN
  B:0098H.0       SYMBOL        RI
  B:00D0H.3       SYMBOL        RS0
  B:00D0H.4       SYMBOL        RS1
  B:00B0H.0       SYMBOL        RXD
  D:0099H         SYMBOL        SBUF
  D:0098H         SYMBOL        SCON
  B:0098H.7       SYMBOL        SM0
  B:0098H.6       SYMBOL        SM1
  B:0098H.5       SYMBOL        SM2
  D:0081H         SYMBOL        SP
  B:00B0H.4       SYMBOL        T0
  B:00B0H.5       SYMBOL        T1
  B:0090H.0       SYMBOL        T2
  D:00C8H         SYMBOL        T2CON
  B:0090H.1       SYMBOL        T2EX
  B:0098H.3       SYMBOL        TB8
  B:00C8H.4       SYMBOL        TCLK
  D:0088H         SYMBOL        TCON
  B:0088H.5       SYMBOL        TF0
  B:0088H.7       SYMBOL        TF1
  B:00C8H.7       SYMBOL        TF2
  D:008CH         SYMBOL        TH0
  D:008DH         SYMBOL        TH1
  D:00CDH         SYMBOL        TH2
  B:0098H.1       SYMBOL        TI
  D:008AH         SYMBOL        TL0
  D:008BH         SYMBOL        TL1
  D:00CCH         SYMBOL        TL2
  D:0089H         SYMBOL        TMOD
  B:0088H.4       SYMBOL        TR0
  B:0088H.6       SYMBOL        TR1
  B:00C8H.2       SYMBOL        TR2
  B:00B0H.1       SYMBOL        TXD
  B:00B0H.6       SYMBOL        WR
  C:181FH         LINE#         193
  C:1821H         LINE#         194
  C:1823H         LINE#         195
  C:1825H         LINE#         196
  C:1828H         LINE#         199
  C:182AH         LINE#         201
  C:182CH         LINE#         203
  C:182FH         LINE#         205
  C:1831H         LINE#         207
  C:1833H         LINE#         212
  C:1835H         LINE#         214
  C:1837H         LINE#         216
  C:1839H         LINE#         218
  C:183AH         LINE#         220
  C:183BH         LINE#         222
  C:183CH         LINE#         224
BL51 BANKED LINKER/LOCATER V6.22                                                      07/21/2014  16:39:35  PAGE 20


  C:183DH         LINE#         226
  C:183EH         LINE#         228
  C:1841H         LINE#         230
  C:1842H         LINE#         232
  C:1843H         LINE#         234
  C:1844H         LINE#         236
  C:1845H         LINE#         240
  C:1847H         LINE#         241
  C:1849H         LINE#         242
  C:184CH         LINE#         243
  C:184DH         LINE#         244
  C:184EH         LINE#         248
  C:1850H         LINE#         249
  C:1852H         LINE#         250
  C:1854H         LINE#         251
  C:1856H         LINE#         252
  C:1859H         LINE#         253
  C:185AH         LINE#         254
  C:185BH         LINE#         259
  C:185DH         LINE#         261
  C:185FH         LINE#         265
  C:16CBH         LINE#         278
  C:16CDH         LINE#         279
  C:16CFH         LINE#         280
  C:16D1H         LINE#         281
  C:16D4H         LINE#         284
  C:16D6H         LINE#         286
  C:16D8H         LINE#         288
  C:16DBH         LINE#         290
  C:16DDH         LINE#         292
  C:16DFH         LINE#         297
  C:16E1H         LINE#         299
  C:16E4H         LINE#         301
  C:16E6H         LINE#         303
  C:16E7H         LINE#         305
  C:16E8H         LINE#         307
  C:16E9H         LINE#         309
  C:16EAH         LINE#         311
  C:16EBH         LINE#         313
  C:16EEH         LINE#         315
  C:16EFH         LINE#         317
  C:16F0H         LINE#         319
  C:16F1H         LINE#         321
  C:16F2H         LINE#         325
  C:16F4H         LINE#         326
  C:16F6H         LINE#         327
  C:16F9H         LINE#         328
  C:16FAH         LINE#         329
  C:16FBH         LINE#         333
  C:16FDH         LINE#         334
  C:16FFH         LINE#         335
  C:1701H         LINE#         336
  C:1703H         LINE#         337
  C:1706H         LINE#         338
  C:1707H         LINE#         339
  C:1708H         LINE#         344
  C:170AH         LINE#         346
BL51 BANKED LINKER/LOCATER V6.22                                                      07/21/2014  16:39:35  PAGE 21


  C:170CH         LINE#         350
  C:1B19H         LINE#         364
  C:1B1BH         LINE#         365
  C:1B1DH         LINE#         366
  C:1B1FH         LINE#         367
  C:1B22H         LINE#         370
  C:1B24H         LINE#         372
  C:1B26H         LINE#         374
  C:1B29H         LINE#         376
  C:1B2BH         LINE#         378
  C:1B2DH         LINE#         383
  C:1B30H         LINE#         385
  C:1B33H         LINE#         387
  C:1B35H         LINE#         389
  C:1B37H         LINE#         391
  C:1B39H         LINE#         393
  C:1B3AH         LINE#         395
  C:1B3BH         LINE#         397
  C:1B3CH         LINE#         399
  C:1B3EH         LINE#         401
  C:1B3FH         LINE#         403
  C:1B40H         LINE#         405
  C:1B41H         LINE#         407
  C:1B42H         LINE#         411
  C:1B44H         LINE#         412
  C:1B46H         LINE#         413
  C:1B49H         LINE#         414
  C:1B4AH         LINE#         415
  C:1B4BH         LINE#         420
  C:1B4DH         LINE#         422
  C:1B4FH         LINE#         426
  C:1B52H         LINE#         439
  C:1B54H         LINE#         440
  C:1B56H         LINE#         441
  C:1B58H         LINE#         442
  C:1B5BH         LINE#         445
  C:1B5DH         LINE#         447
  C:1B5FH         LINE#         449
  C:1B62H         LINE#         451
  C:1B64H         LINE#         453
  C:1B66H         LINE#         458
  C:1B69H         LINE#         460
  C:1B6CH         LINE#         462
  C:1B6EH         LINE#         464
  C:1B70H         LINE#         466
  C:1B72H         LINE#         468
  C:1B73H         LINE#         470
  C:1B74H         LINE#         472
  C:1B75H         LINE#         474
  C:1B77H         LINE#         476
  C:1B78H         LINE#         478
  C:1B79H         LINE#         480
  C:1B7AH         LINE#         482
  C:1B7BH         LINE#         486
  C:1B7DH         LINE#         487
  C:1B7FH         LINE#         488
  C:1B82H         LINE#         489
BL51 BANKED LINKER/LOCATER V6.22                                                      07/21/2014  16:39:35  PAGE 22


  C:1B83H         LINE#         490
  C:1B84H         LINE#         495
  C:1B86H         LINE#         497
  C:1B88H         LINE#         501
  C:25DFH         LINE#         514
  C:25E1H         LINE#         515
  C:25E3H         LINE#         516
  C:25E5H         LINE#         517
  C:25E8H         LINE#         520
  C:25EAH         LINE#         522
  C:25ECH         LINE#         524
  C:25EFH         LINE#         526
  C:25F1H         LINE#         528
  C:25F3H         LINE#         533
  C:25F4H         LINE#         535
  C:25F6H         LINE#         537
  C:25F8H         LINE#         539
  C:25F9H         LINE#         543
  C:25FBH         LINE#         544
  C:25FEH         LINE#         545
  C:25FFH         LINE#         546
  C:2600H         LINE#         551
  C:2602H         LINE#         553
  C:2604H         LINE#         557
  C:2607H         LINE#         569
  C:2609H         LINE#         570
  C:260BH         LINE#         571
  C:260DH         LINE#         572
  C:2610H         LINE#         575
  C:2612H         LINE#         577
  C:2614H         LINE#         579
  C:2617H         LINE#         581
  C:2619H         LINE#         583
  C:261BH         LINE#         588
  C:261CH         LINE#         590
  C:261EH         LINE#         592
  C:2620H         LINE#         594
  C:2621H         LINE#         598
  C:2623H         LINE#         599
  C:2626H         LINE#         600
  C:2627H         LINE#         601
  C:2628H         LINE#         606
  C:262AH         LINE#         608
  C:262CH         LINE#         612
  C:1CCEH         LINE#         625
  C:1CD0H         LINE#         626
  C:1CD2H         LINE#         627
  C:1CD4H         LINE#         628
  C:1CD7H         LINE#         631
  C:1CD9H         LINE#         633
  C:1CDBH         LINE#         635
  C:1CDEH         LINE#         637
  C:1CE0H         LINE#         639
  C:1CE2H         LINE#         644
  C:1CE5H         LINE#         646
  C:1CE8H         LINE#         648
  C:1CE9H         LINE#         650
BL51 BANKED LINKER/LOCATER V6.22                                                      07/21/2014  16:39:35  PAGE 23


  C:1CEBH         LINE#         652
  C:1CECH         LINE#         654
  C:1CEEH         LINE#         656
  C:1CEFH         LINE#         660
  C:1CF1H         LINE#         661
  C:1CF3H         LINE#         662
  C:1CF6H         LINE#         663
  C:1CF7H         LINE#         664
  C:1CF8H         LINE#         669
  C:1CFAH         LINE#         671
  C:1CFCH         LINE#         675
  C:1AA5H         LINE#         688
  C:1AA7H         LINE#         689
  C:1AA9H         LINE#         690
  C:1AABH         LINE#         691
  C:1AAEH         LINE#         694
  C:1AB0H         LINE#         696
  C:1AB2H         LINE#         698
  C:1AB5H         LINE#         700
  C:1AB7H         LINE#         702
  C:1AB9H         LINE#         707
  C:1ABCH         LINE#         709
  C:1ABEH         LINE#         711
  C:1AC0H         LINE#         713
  C:1AC3H         LINE#         715
  C:1AC4H         LINE#         717
  C:1AC6H         LINE#         719
  C:1AC7H         LINE#         721
  C:1AC8H         LINE#         723
  C:1ACBH         LINE#         725
  C:1ACCH         LINE#         727
  C:1ACDH         LINE#         729
  C:1ACEH         LINE#         733
  C:1AD0H         LINE#         734
  C:1AD1H         LINE#         735
  C:1AD3H         LINE#         736
  C:1AD6H         LINE#         737
  C:1AD7H         LINE#         738
  C:1AD8H         LINE#         743
  C:1ADAH         LINE#         745
  C:1ADCH         LINE#         749
  C:1ADFH         LINE#         762
  C:1AE1H         LINE#         763
  C:1AE3H         LINE#         764
  C:1AE5H         LINE#         765
  C:1AE8H         LINE#         768
  C:1AEAH         LINE#         770
  C:1AECH         LINE#         772
  C:1AEFH         LINE#         774
  C:1AF1H         LINE#         776
  C:1AF3H         LINE#         781
  C:1AF6H         LINE#         783
  C:1AF8H         LINE#         785
  C:1AFAH         LINE#         787
  C:1AFDH         LINE#         789
  C:1AFEH         LINE#         791
  C:1B00H         LINE#         793
BL51 BANKED LINKER/LOCATER V6.22                                                      07/21/2014  16:39:35  PAGE 24


  C:1B01H         LINE#         795
  C:1B02H         LINE#         797
  C:1B05H         LINE#         799
  C:1B06H         LINE#         801
  C:1B07H         LINE#         803
  C:1B08H         LINE#         807
  C:1B0AH         LINE#         808
  C:1B0BH         LINE#         809
  C:1B0DH         LINE#         810
  C:1B10H         LINE#         811
  C:1B11H         LINE#         812
  C:1B12H         LINE#         817
  C:1B14H         LINE#         819
  C:1B16H         LINE#         823
  C:15FAH         LINE#         836
  C:15FCH         LINE#         837
  C:15FEH         LINE#         838
  C:1600H         LINE#         839
  C:1603H         LINE#         842
  C:1605H         LINE#         844
  C:1607H         LINE#         846
  C:160AH         LINE#         848
  C:160CH         LINE#         850
  C:160EH         LINE#         855
  C:1611H         LINE#         857
  C:1613H         LINE#         859
  C:1616H         LINE#         861
  C:1619H         LINE#         863
  C:161AH         LINE#         865
  C:161DH         LINE#         867
  C:161FH         LINE#         869
  C:1622H         LINE#         871
  C:1623H         LINE#         873
  C:1626H         LINE#         875
  C:1627H         LINE#         877
  C:1628H         LINE#         881
  C:162AH         LINE#         882
  C:162BH         LINE#         883
  C:162DH         LINE#         884
  C:1630H         LINE#         885
  C:1631H         LINE#         886
  C:1632H         LINE#         890
  C:1635H         LINE#         891
  C:1638H         LINE#         892
  C:1639H         LINE#         893
  C:163AH         LINE#         898
  C:163CH         LINE#         900
  C:163EH         LINE#         904
  C:18E8H         LINE#         917
  C:18EAH         LINE#         918
  C:18ECH         LINE#         919
  C:18EEH         LINE#         920
  C:18F1H         LINE#         923
  C:18F3H         LINE#         925
  C:18F5H         LINE#         927
  C:18F8H         LINE#         929
  C:18FAH         LINE#         931
BL51 BANKED LINKER/LOCATER V6.22                                                      07/21/2014  16:39:35  PAGE 25


  C:18FCH         LINE#         936
  C:18FFH         LINE#         938
  C:1901H         LINE#         940
  C:1904H         LINE#         942
  C:1905H         LINE#         944
  C:1908H         LINE#         946
  C:190BH         LINE#         948
  C:190CH         LINE#         950
  C:190FH         LINE#         952
  C:1910H         LINE#         954
  C:1911H         LINE#         958
  C:1913H         LINE#         959
  C:1914H         LINE#         960
  C:1916H         LINE#         961
  C:1919H         LINE#         962
  C:191AH         LINE#         963
  C:191BH         LINE#         967
  C:191EH         LINE#         968
  C:1921H         LINE#         969
  C:1922H         LINE#         970
  C:1923H         LINE#         975
  C:1925H         LINE#         977
  C:1927H         LINE#         981
  C:192AH         LINE#         994
  C:192CH         LINE#         995
  C:192EH         LINE#         996
  C:1930H         LINE#         997
  C:1933H         LINE#         1000
  C:1935H         LINE#         1002
  C:1937H         LINE#         1004
  C:193AH         LINE#         1006
  C:193CH         LINE#         1008
  C:193EH         LINE#         1013
  C:1941H         LINE#         1015
  C:1943H         LINE#         1017
  C:1946H         LINE#         1019
  C:1947H         LINE#         1021
  C:194AH         LINE#         1023
  C:194DH         LINE#         1025
  C:194EH         LINE#         1027
  C:1951H         LINE#         1029
  C:1952H         LINE#         1031
  C:1953H         LINE#         1035
  C:1955H         LINE#         1036
  C:1956H         LINE#         1037
  C:1958H         LINE#         1038
  C:195BH         LINE#         1039
  C:195CH         LINE#         1040
  C:195DH         LINE#         1044
  C:1960H         LINE#         1045
  C:1963H         LINE#         1046
  C:1964H         LINE#         1047
  C:1965H         LINE#         1052
  C:1967H         LINE#         1054
  C:1969H         LINE#         1058
  C:170FH         LINE#         1071
  C:1711H         LINE#         1072
BL51 BANKED LINKER/LOCATER V6.22                                                      07/21/2014  16:39:35  PAGE 26


  C:1713H         LINE#         1073
  C:1715H         LINE#         1074
  C:1718H         LINE#         1077
  C:171AH         LINE#         1079
  C:171CH         LINE#         1081
  C:171FH         LINE#         1083
  C:1721H         LINE#         1085
  C:1723H         LINE#         1090
  C:1726H         LINE#         1092
  C:1728H         LINE#         1094
  C:172AH         LINE#         1096
  C:172DH         LINE#         1098
  C:172EH         LINE#         1100
  C:1731H         LINE#         1102
  C:1734H         LINE#         1104
  C:1735H         LINE#         1106
  C:1738H         LINE#         1108
  C:1739H         LINE#         1110
  C:173AH         LINE#         1114
  C:173CH         LINE#         1115
  C:173DH         LINE#         1116
  C:173FH         LINE#         1117
  C:1742H         LINE#         1118
  C:1743H         LINE#         1119
  C:1744H         LINE#         1123
  C:1747H         LINE#         1124
  C:174AH         LINE#         1125
  C:174BH         LINE#         1126
  C:174CH         LINE#         1131
  C:174EH         LINE#         1133
  C:1750H         LINE#         1137
  C:196CH         LINE#         1150
  C:196EH         LINE#         1151
  C:1970H         LINE#         1152
  C:1972H         LINE#         1153
  C:1975H         LINE#         1156
  C:1977H         LINE#         1158
  C:1979H         LINE#         1160
  C:197CH         LINE#         1162
  C:197EH         LINE#         1164
  C:1980H         LINE#         1169
  C:1983H         LINE#         1171
  C:1985H         LINE#         1173
  C:1987H         LINE#         1175
  C:198AH         LINE#         1177
  C:198CH         LINE#         1179
  C:198DH         LINE#         1181
  C:1990H         LINE#         1183
  C:1991H         LINE#         1185
  C:1992H         LINE#         1189
  C:1994H         LINE#         1190
  C:1995H         LINE#         1191
  C:1997H         LINE#         1192
  C:199AH         LINE#         1193
  C:199BH         LINE#         1194
  C:199CH         LINE#         1198
  C:199EH         LINE#         1199
BL51 BANKED LINKER/LOCATER V6.22                                                      07/21/2014  16:39:35  PAGE 27


  C:199FH         LINE#         1200
  C:19A0H         LINE#         1201
  C:19A2H         LINE#         1202
  C:19A5H         LINE#         1203
  C:19A6H         LINE#         1204
  C:19A7H         LINE#         1209
  C:19A9H         LINE#         1211
  C:19ABH         LINE#         1215
  C:1753H         LINE#         1228
  C:1755H         LINE#         1229
  C:1757H         LINE#         1230
  C:1759H         LINE#         1231
  C:175CH         LINE#         1234
  C:175EH         LINE#         1236
  C:1760H         LINE#         1238
  C:1763H         LINE#         1240
  C:1765H         LINE#         1242
  C:1767H         LINE#         1247
  C:176AH         LINE#         1249
  C:176CH         LINE#         1251
  C:176FH         LINE#         1253
  C:1772H         LINE#         1255
  C:1775H         LINE#         1257
  C:1776H         LINE#         1259
  C:1779H         LINE#         1261
  C:177AH         LINE#         1263
  C:177BH         LINE#         1267
  C:177DH         LINE#         1268
  C:177EH         LINE#         1269
  C:1780H         LINE#         1270
  C:1783H         LINE#         1271
  C:1784H         LINE#         1272
  C:1785H         LINE#         1276
  C:1787H         LINE#         1277
  C:1788H         LINE#         1278
  C:1789H         LINE#         1279
  C:178BH         LINE#         1280
  C:178EH         LINE#         1281
  C:178FH         LINE#         1282
  C:1790H         LINE#         1287
  C:1792H         LINE#         1289
  C:1794H         LINE#         1293
  -------         ENDMOD        PROGRAM

  -------         MODULE        BOOLEAN
  C:2718H         SEGMENT       ?PR?CLR_C?BOOLEAN
  C:1FB1H         SEGMENT       ?PR?CLR_BIT?BOOLEAN
  C:2787H         SEGMENT       ?PR?SETB_C?BOOLEAN
  C:1FDDH         SEGMENT       ?PR?SETB_BIT?BOOLEAN
  C:273DH         SEGMENT       ?PR?CPL_C?BOOLEAN
  C:2009H         SEGMENT       ?PR?CPL_BIT?BOOLEAN
  C:246EH         SEGMENT       ?PR?ANL_C_BIT?BOOLEAN
  C:2497H         SEGMENT       ?PR?ANL_C_NBIT?BOOLEAN
  C:24C0H         SEGMENT       ?PR?ORL_C_BIT?BOOLEAN
  C:24E9H         SEGMENT       ?PR?ORL_C_NBIT?BOOLEAN
  C:2512H         SEGMENT       ?PR?MOV_C_BIT?BOOLEAN
  C:1EA3H         SEGMENT       ?PR?MOV_BIT_C?BOOLEAN
BL51 BANKED LINKER/LOCATER V6.22                                                      07/21/2014  16:39:35  PAGE 28


  C:1410H         SEGMENT       ?PR?JC_C?BOOLEAN
  C:146BH         SEGMENT       ?PR?JNC_C?BOOLEAN
  C:1346H         SEGMENT       ?PR?JB_BIT?BOOLEAN
  C:13ABH         SEGMENT       ?PR?JNB_BIT?BOOLEAN
  C:11EBH         SEGMENT       ?PR?JBC_BIT?BOOLEAN
  C:103FH         SEGMENT       ?CO?BOOLEAN
  C:246EH         PUBLIC        ANL_C_BIT
  C:2497H         PUBLIC        ANL_C_NBIT
  C:1FB1H         PUBLIC        CLR_BIT
  C:2718H         PUBLIC        CLR_C
  C:2009H         PUBLIC        CPL_BIT
  C:273DH         PUBLIC        CPL_C
  C:11EBH         PUBLIC        JBC_BIT
  C:1346H         PUBLIC        JB_BIT
  C:1410H         PUBLIC        JC_C
  C:13ABH         PUBLIC        JNB_BIT
  C:146BH         PUBLIC        JNC_C
  C:1EA3H         PUBLIC        MOV_BIT_C
  C:2512H         PUBLIC        MOV_C_BIT
  C:24C0H         PUBLIC        ORL_C_BIT
  C:24E9H         PUBLIC        ORL_C_NBIT
  C:1FDDH         PUBLIC        SETB_BIT
  C:2787H         PUBLIC        SETB_C
  C:2736H         SYMBOL        ?C0001
  C:1FD6H         SYMBOL        ?C0003
  C:27A4H         SYMBOL        ?C0005
  C:2002H         SYMBOL        ?C0007
  C:275BH         SYMBOL        ?C0009
  C:202EH         SYMBOL        ?C0011
  C:2490H         SYMBOL        ?C0013
  C:24B9H         SYMBOL        ?C0015
  C:24E2H         SYMBOL        ?C0017
  C:250BH         SYMBOL        ?C0019
  C:2534H         SYMBOL        ?C0021
  C:1EC9H         SYMBOL        ?C0023
  C:1441H         SYMBOL        ?C0025
  C:1464H         SYMBOL        ?C0026
  C:149CH         SYMBOL        ?C0028
  C:14BFH         SYMBOL        ?C0029
  C:137CH         SYMBOL        ?C0031
  C:13A4H         SYMBOL        ?C0032
  C:13E1H         SYMBOL        ?C0034
  C:1409H         SYMBOL        ?C0035
  C:1221H         SYMBOL        ?C0037
  C:122DH         SYMBOL        ?C0038
  C:1255H         SYMBOL        ?C0039
  C:1261H         SYMBOL        ?C0040
  C:103FH         SYMBOL        ?SC_0
  C:10AAH         SYMBOL        ?SC_107
  C:10B5H         SYMBOL        ?SC_118
  C:10BBH         SYMBOL        ?SC_124
  C:10C2H         SYMBOL        ?SC_131
  C:10CAH         SYMBOL        ?SC_139
  C:10D3H         SYMBOL        ?SC_148
  C:104FH         SYMBOL        ?SC_16
  C:1057H         SYMBOL        ?SC_24
  C:1061H         SYMBOL        ?SC_34
BL51 BANKED LINKER/LOCATER V6.22                                                      07/21/2014  16:39:35  PAGE 29


  C:1068H         SYMBOL        ?SC_41
  C:1071H         SYMBOL        ?SC_50
  C:107CH         SYMBOL        ?SC_61
  C:1046H         SYMBOL        ?SC_7
  C:1088H         SYMBOL        ?SC_73
  C:1093H         SYMBOL        ?SC_84
  C:109FH         SYMBOL        ?SC_96
  B:00D0H.6       SYMBOL        AC
  D:00E0H         SYMBOL        ACC
  D:00F0H         SYMBOL        B
  N:0000H         SYMBOL        BOOLEAN
  B:00C8H.0       SYMBOL        CP_RL2
  B:00D0H.7       SYMBOL        CY
  B:00C8H.1       SYMBOL        C_T2
  D:0083H         SYMBOL        DPH
  D:0082H         SYMBOL        DPL
  B:00A8H.7       SYMBOL        EA
  C:120DH         SYMBOL        ERROR0_JBC_BIT
  C:1368H         SYMBOL        ERROR0_JB_BIT
  C:142DH         SYMBOL        ERROR0_JC_C
  C:13CDH         SYMBOL        ERROR0_JNB_BIT
  C:1488H         SYMBOL        ERROR0_JNC_C
  C:1232H         SYMBOL        ERROR1_JBC_BIT
  C:1381H         SYMBOL        ERROR1_JB_BIT
  C:1446H         SYMBOL        ERROR1_JC_C
  C:13E6H         SYMBOL        ERROR1_JNB_BIT
  C:14A1H         SYMBOL        ERROR1_JNC_C
  B:00A8H.4       SYMBOL        ES
  B:00A8H.1       SYMBOL        ET0
  B:00A8H.3       SYMBOL        ET1
  B:00A8H.5       SYMBOL        ET2
  B:00A8H.0       SYMBOL        EX0
  B:00A8H.2       SYMBOL        EX1
  B:00C8H.3       SYMBOL        EXEN2
  B:00C8H.6       SYMBOL        EXF2
  C:1218H         SYMBOL        EXIT0_JBC_BIT
  C:1373H         SYMBOL        EXIT0_JB_BIT
  C:1438H         SYMBOL        EXIT0_JC_C
  C:13D8H         SYMBOL        EXIT0_JNB_BIT
  C:1493H         SYMBOL        EXIT0_JNC_C
  C:124CH         SYMBOL        EXIT1_JBC_BIT
  C:139BH         SYMBOL        EXIT1_JB_BIT
  C:145BH         SYMBOL        EXIT1_JC_C
  C:1400H         SYMBOL        EXIT1_JNB_BIT
  C:14B6H         SYMBOL        EXIT1_JNC_C
  B:00D0H.5       SYMBOL        F0
  D:00A8H         SYMBOL        IE
  B:0088H.1       SYMBOL        IE0
  B:0088H.3       SYMBOL        IE1
  B:00B0H.2       SYMBOL        INT0
  B:00B0H.3       SYMBOL        INT1
  D:00B8H         SYMBOL        IP
  B:0088H.0       SYMBOL        IT0
  B:0088H.2       SYMBOL        IT1
  C:123FH         SYMBOL        NOW_JBC_BIT
  C:138EH         SYMBOL        NOW_JB_BIT
  C:1453H         SYMBOL        NOW_JC_C
BL51 BANKED LINKER/LOCATER V6.22                                                      07/21/2014  16:39:35  PAGE 30


  C:13F3H         SYMBOL        NOW_JNB_BIT
  C:14AEH         SYMBOL        NOW_JNC_C
  B:00D0H.2       SYMBOL        OV
  B:00D0H.0       SYMBOL        P
  D:0080H         SYMBOL        P0
  D:0090H         SYMBOL        P1
  D:00A0H         SYMBOL        P2
  D:00B0H         SYMBOL        P3
  D:0087H         SYMBOL        PCON
  B:00B8H.4       SYMBOL        PS
  D:00D0H         SYMBOL        PSW
  B:00B8H.1       SYMBOL        PT0
  B:00B8H.3       SYMBOL        PT1
  B:00B8H.5       SYMBOL        PT2
  B:00B8H.0       SYMBOL        PX0
  B:00B8H.2       SYMBOL        PX1
  B:0098H.2       SYMBOL        RB8
  D:00CBH         SYMBOL        RCAP2H
  D:00CAH         SYMBOL        RCAP2L
  B:00C8H.5       SYMBOL        RCLK
  B:00B0H.7       SYMBOL        RD
  B:0098H.4       SYMBOL        REN
  B:0098H.0       SYMBOL        RI
  C:1212H         SYMBOL        RIGHT0_JBC_BIT
  C:136DH         SYMBOL        RIGHT0_JB_BIT
  C:1432H         SYMBOL        RIGHT0_JC_C
  C:13D2H         SYMBOL        RIGHT0_JNB_BIT
  C:148DH         SYMBOL        RIGHT0_JNC_C
  C:1237H         SYMBOL        RIGHT1_JBC_BIT
  C:1386H         SYMBOL        RIGHT1_JB_BIT
  C:144BH         SYMBOL        RIGHT1_JC_C
  C:13EBH         SYMBOL        RIGHT1_JNB_BIT
  C:14A6H         SYMBOL        RIGHT1_JNC_C
  B:00D0H.3       SYMBOL        RS0
  B:00D0H.4       SYMBOL        RS1
  B:00B0H.0       SYMBOL        RXD
  D:0099H         SYMBOL        SBUF
  D:0098H         SYMBOL        SCON
  B:0098H.7       SYMBOL        SM0
  B:0098H.6       SYMBOL        SM1
  B:0098H.5       SYMBOL        SM2
  D:0081H         SYMBOL        SP
  B:00B0H.4       SYMBOL        T0
  B:00B0H.5       SYMBOL        T1
  B:0090H.0       SYMBOL        T2
  D:00C8H         SYMBOL        T2CON
  B:0090H.1       SYMBOL        T2EX
  B:0098H.3       SYMBOL        TB8
  B:00C8H.4       SYMBOL        TCLK
  D:0088H         SYMBOL        TCON
  B:0088H.5       SYMBOL        TF0
  B:0088H.7       SYMBOL        TF1
  B:00C8H.7       SYMBOL        TF2
  D:008CH         SYMBOL        TH0
  D:008DH         SYMBOL        TH1
  D:00CDH         SYMBOL        TH2
  B:0098H.1       SYMBOL        TI
BL51 BANKED LINKER/LOCATER V6.22                                                      07/21/2014  16:39:35  PAGE 31


  D:008AH         SYMBOL        TL0
  D:008BH         SYMBOL        TL1
  D:00CCH         SYMBOL        TL2
  D:0089H         SYMBOL        TMOD
  B:0088H.4       SYMBOL        TR0
  B:0088H.6       SYMBOL        TR1
  B:00C8H.2       SYMBOL        TR2
  B:00B0H.1       SYMBOL        TXD
  B:00B0H.6       SYMBOL        WR
  C:2718H         LINE#         198
  C:271AH         LINE#         199
  C:271CH         LINE#         200
  C:271EH         LINE#         201
  C:2721H         LINE#         204
  C:2723H         LINE#         206
  C:2725H         LINE#         208
  C:2728H         LINE#         210
  C:272AH         LINE#         212
  C:272CH         LINE#         217
  C:272DH         LINE#         219
  C:272EH         LINE#         223
  C:2731H         LINE#         224
  C:2734H         LINE#         225
  C:2735H         LINE#         226
  C:2736H         LINE#         231
  C:2738H         LINE#         233
  C:273AH         LINE#         237
  C:1FB1H         LINE#         250
  C:1FB3H         LINE#         251
  C:1FB5H         LINE#         252
  C:1FB7H         LINE#         253
  C:1FBAH         LINE#         256
  C:1FBCH         LINE#         258
  C:1FBEH         LINE#         260
  C:1FC1H         LINE#         262
  C:1FC3H         LINE#         264
  C:1FC5H         LINE#         269
  C:1FC8H         LINE#         271
  C:1FCAH         LINE#         275
  C:1FCCH         LINE#         276
  C:1FCDH         LINE#         277
  C:1FCFH         LINE#         278
  C:1FD1H         LINE#         279
  C:1FD4H         LINE#         280
  C:1FD5H         LINE#         281
  C:1FD6H         LINE#         286
  C:1FD8H         LINE#         288
  C:1FDAH         LINE#         292
  C:2787H         LINE#         305
  C:2789H         LINE#         306
  C:278BH         LINE#         307
  C:278DH         LINE#         308
  C:2790H         LINE#         311
  C:2792H         LINE#         313
  C:2794H         LINE#         315
  C:2797H         LINE#         317
  C:2799H         LINE#         319
BL51 BANKED LINKER/LOCATER V6.22                                                      07/21/2014  16:39:35  PAGE 32


  C:279BH         LINE#         324
  C:279CH         LINE#         328
  C:279FH         LINE#         329
  C:27A2H         LINE#         330
  C:27A3H         LINE#         331
  C:27A4H         LINE#         336
  C:27A6H         LINE#         338
  C:27A8H         LINE#         342
  C:1FDDH         LINE#         355
  C:1FDFH         LINE#         356
  C:1FE1H         LINE#         357
  C:1FE3H         LINE#         358
  C:1FE6H         LINE#         361
  C:1FE8H         LINE#         363
  C:1FEAH         LINE#         365
  C:1FEDH         LINE#         367
  C:1FEFH         LINE#         369
  C:1FF1H         LINE#         374
  C:1FF4H         LINE#         376
  C:1FF6H         LINE#         380
  C:1FF8H         LINE#         381
  C:1FF9H         LINE#         382
  C:1FFBH         LINE#         383
  C:1FFDH         LINE#         384
  C:2000H         LINE#         385
  C:2001H         LINE#         386
  C:2002H         LINE#         391
  C:2004H         LINE#         393
  C:2006H         LINE#         397
  C:273DH         LINE#         410
  C:273FH         LINE#         411
  C:2741H         LINE#         412
  C:2743H         LINE#         413
  C:2746H         LINE#         416
  C:2748H         LINE#         418
  C:274AH         LINE#         420
  C:274DH         LINE#         422
  C:274FH         LINE#         424
  C:2751H         LINE#         429
  C:2752H         LINE#         431
  C:2753H         LINE#         435
  C:2756H         LINE#         436
  C:2759H         LINE#         437
  C:275AH         LINE#         438
  C:275BH         LINE#         443
  C:275DH         LINE#         445
  C:275FH         LINE#         449
  C:2009H         LINE#         462
  C:200BH         LINE#         463
  C:200DH         LINE#         464
  C:200FH         LINE#         465
  C:2012H         LINE#         468
  C:2014H         LINE#         470
  C:2016H         LINE#         472
  C:2019H         LINE#         474
  C:201BH         LINE#         476
  C:201DH         LINE#         481
BL51 BANKED LINKER/LOCATER V6.22                                                      07/21/2014  16:39:35  PAGE 33


  C:2020H         LINE#         483
  C:2022H         LINE#         487
  C:2024H         LINE#         488
  C:2025H         LINE#         489
  C:2027H         LINE#         490
  C:2029H         LINE#         491
  C:202CH         LINE#         492
  C:202DH         LINE#         493
  C:202EH         LINE#         498
  C:2030H         LINE#         500
  C:2032H         LINE#         504
  C:246EH         LINE#         517
  C:2470H         LINE#         518
  C:2472H         LINE#         519
  C:2474H         LINE#         520
  C:2477H         LINE#         523
  C:2479H         LINE#         525
  C:247BH         LINE#         527
  C:247EH         LINE#         529
  C:2480H         LINE#         531
  C:2482H         LINE#         536
  C:2485H         LINE#         538
  C:2486H         LINE#         540
  C:2488H         LINE#         544
  C:248BH         LINE#         545
  C:248EH         LINE#         546
  C:248FH         LINE#         547
  C:2490H         LINE#         552
  C:2492H         LINE#         554
  C:2494H         LINE#         558
  C:2497H         LINE#         571
  C:2499H         LINE#         572
  C:249BH         LINE#         573
  C:249DH         LINE#         574
  C:24A0H         LINE#         577
  C:24A2H         LINE#         579
  C:24A4H         LINE#         581
  C:24A7H         LINE#         583
  C:24A9H         LINE#         585
  C:24ABH         LINE#         590
  C:24AEH         LINE#         592
  C:24AFH         LINE#         594
  C:24B1H         LINE#         598
  C:24B4H         LINE#         599
  C:24B7H         LINE#         600
  C:24B8H         LINE#         601
  C:24B9H         LINE#         606
  C:24BBH         LINE#         608
  C:24BDH         LINE#         612
  C:24C0H         LINE#         625
  C:24C2H         LINE#         626
  C:24C4H         LINE#         627
  C:24C6H         LINE#         628
  C:24C9H         LINE#         631
  C:24CBH         LINE#         633
  C:24CDH         LINE#         635
  C:24D0H         LINE#         637
BL51 BANKED LINKER/LOCATER V6.22                                                      07/21/2014  16:39:35  PAGE 34


  C:24D2H         LINE#         639
  C:24D4H         LINE#         644
  C:24D7H         LINE#         646
  C:24D8H         LINE#         648
  C:24DAH         LINE#         652
  C:24DDH         LINE#         653
  C:24E0H         LINE#         654
  C:24E1H         LINE#         655
  C:24E2H         LINE#         660
  C:24E4H         LINE#         662
  C:24E6H         LINE#         666
  C:24E9H         LINE#         679
  C:24EBH         LINE#         680
  C:24EDH         LINE#         681
  C:24EFH         LINE#         682
  C:24F2H         LINE#         685
  C:24F4H         LINE#         687
  C:24F6H         LINE#         689
  C:24F9H         LINE#         691
  C:24FBH         LINE#         693
  C:24FDH         LINE#         698
  C:2500H         LINE#         700
  C:2501H         LINE#         702
  C:2503H         LINE#         706
  C:2506H         LINE#         707
  C:2509H         LINE#         708
  C:250AH         LINE#         709
  C:250BH         LINE#         714
  C:250DH         LINE#         716
  C:250FH         LINE#         720
  C:2512H         LINE#         733
  C:2514H         LINE#         734
  C:2516H         LINE#         735
  C:2518H         LINE#         736
  C:251BH         LINE#         739
  C:251DH         LINE#         741
  C:251FH         LINE#         743
  C:2522H         LINE#         745
  C:2524H         LINE#         747
  C:2526H         LINE#         752
  C:2529H         LINE#         754
  C:252AH         LINE#         756
  C:252CH         LINE#         760
  C:252FH         LINE#         761
  C:2532H         LINE#         762
  C:2533H         LINE#         763
  C:2534H         LINE#         768
  C:2536H         LINE#         770
  C:2538H         LINE#         774
  C:1EA3H         LINE#         787
  C:1EA5H         LINE#         788
  C:1EA7H         LINE#         789
  C:1EA9H         LINE#         790
  C:1EACH         LINE#         793
  C:1EAEH         LINE#         795
  C:1EB0H         LINE#         797
  C:1EB3H         LINE#         799
BL51 BANKED LINKER/LOCATER V6.22                                                      07/21/2014  16:39:35  PAGE 35


  C:1EB5H         LINE#         801
  C:1EB7H         LINE#         806
  C:1EBAH         LINE#         808
  C:1EBBH         LINE#         810
  C:1EBDH         LINE#         814
  C:1EBFH         LINE#         815
  C:1EC0H         LINE#         816
  C:1EC2H         LINE#         817
  C:1EC4H         LINE#         818
  C:1EC7H         LINE#         819
  C:1EC8H         LINE#         820
  C:1EC9H         LINE#         825
  C:1ECBH         LINE#         827
  C:1ECDH         LINE#         831
  C:1410H         LINE#         844
  C:1412H         LINE#         845
  C:1414H         LINE#         846
  C:1416H         LINE#         847
  C:1419H         LINE#         850
  C:141BH         LINE#         852
  C:141DH         LINE#         854
  C:1420H         LINE#         856
  C:1422H         LINE#         858
  C:1424H         LINE#         863
  C:1425H         LINE#         865
  C:1427H         LINE#         867
  C:1428H         LINE#         869
  C:142AH         LINE#         871
  C:142BH         LINE#         873
  C:142CH         LINE#         875
  C:142DH         LINE#         877
  C:142EH         LINE#         879
  C:1430H         LINE#         881
  C:1431H         LINE#         883
  C:1432H         LINE#         885
  C:1434H         LINE#         887
  C:1436H         LINE#         889
  C:1437H         LINE#         891
  C:1438H         LINE#         893
  C:1439H         LINE#         897
  C:143AH         LINE#         898
  C:143CH         LINE#         899
  C:143FH         LINE#         900
  C:1440H         LINE#         901
  C:1441H         LINE#         906
  C:1443H         LINE#         908
  C:1444H         LINE#         910
  C:1445H         LINE#         912
  C:1446H         LINE#         914
  C:1447H         LINE#         916
  C:1449H         LINE#         918
  C:144AH         LINE#         920
  C:144BH         LINE#         922
  C:144DH         LINE#         924
  C:144FH         LINE#         926
  C:1450H         LINE#         928
  C:1451H         LINE#         930
BL51 BANKED LINKER/LOCATER V6.22                                                      07/21/2014  16:39:35  PAGE 36


  C:1452H         LINE#         932
  C:1453H         LINE#         934
  C:1454H         LINE#         936
  C:1456H         LINE#         938
  C:1457H         LINE#         940
  C:1459H         LINE#         942
  C:145AH         LINE#         944
  C:145BH         LINE#         946
  C:145CH         LINE#         950
  C:145DH         LINE#         951
  C:145FH         LINE#         952
  C:1462H         LINE#         953
  C:1463H         LINE#         954
  C:1464H         LINE#         959
  C:1466H         LINE#         961
  C:1468H         LINE#         965
  C:146BH         LINE#         978
  C:146DH         LINE#         979
  C:146FH         LINE#         980
  C:1471H         LINE#         981
  C:1474H         LINE#         984
  C:1476H         LINE#         986
  C:1478H         LINE#         988
  C:147BH         LINE#         990
  C:147DH         LINE#         992
  C:147FH         LINE#         997
  C:1480H         LINE#         999
  C:1482H         LINE#         1001
[...]
  C:1550H         LINE#         3131
  C:1553H         LINE#         3132
  C:1556H         LINE#         3133
  C:1557H         LINE#         3134
  C:1558H         LINE#         3138
  C:155BH         LINE#         3139
  C:155EH         LINE#         3140
  C:155FH         LINE#         3141
  C:1560H         LINE#         3147
  C:1562H         LINE#         3149
  C:1564H         LINE#         3153
BL51 BANKED LINKER/LOCATER V6.22                                                      07/21/2014  16:39:35  PAGE 99


  C:19EEH         LINE#         3167
  C:19F0H         LINE#         3168
  C:19F2H         LINE#         3169
  C:19F4H         LINE#         3170
  C:19F7H         LINE#         3173
  C:19F9H         LINE#         3175
  C:19FBH         LINE#         3177
  C:19FEH         LINE#         3179
  C:1A00H         LINE#         3181
  C:1A02H         LINE#         3186
  C:1A05H         LINE#         3188
  C:1A06H         LINE#         3192
  C:1A08H         LINE#         3193
  C:1A0AH         LINE#         3194
  C:1A0DH         LINE#         3195
  C:1A0EH         LINE#         3196
  C:1A0FH         LINE#         3200
  C:1A12H         LINE#         3201
  C:1A15H         LINE#         3202
  C:1A16H         LINE#         3203
  C:1A17H         LINE#         3207
  C:1A1AH         LINE#         3208
  C:1A1DH         LINE#         3209
  C:1A1EH         LINE#         3210
  C:1A1FH         LINE#         3214
  C:1A22H         LINE#         3215
  C:1A25H         LINE#         3216
  C:1A26H         LINE#         3217
  C:1A27H         LINE#         3223
  C:1A29H         LINE#         3225
  C:1A2BH         LINE#         3229
  C:18A5H         LINE#         3242
  C:18A7H         LINE#         3243
  C:18A9H         LINE#         3244
  C:18ABH         LINE#         3245
  C:18AEH         LINE#         3248
  C:18B0H         LINE#         3250
  C:18B2H         LINE#         3252
  C:18B5H         LINE#         3254
  C:18B7H         LINE#         3256
  C:18B9H         LINE#         3261
  C:18BCH         LINE#         3263
  C:18BDH         LINE#         3267
  C:18BFH         LINE#         3268
  C:18C0H         LINE#         3269
  C:18C2H         LINE#         3270
  C:18C4H         LINE#         3271
  C:18C7H         LINE#         3272
  C:18C8H         LINE#         3273
  C:18C9H         LINE#         3277
  C:18CCH         LINE#         3278
  C:18CFH         LINE#         3279
  C:18D0H         LINE#         3280
  C:18D1H         LINE#         3284
  C:18D4H         LINE#         3285
  C:18D7H         LINE#         3286
  C:18D8H         LINE#         3287
BL51 BANKED LINKER/LOCATER V6.22                                                      07/21/2014  16:39:35  PAGE 100


  C:18D9H         LINE#         3291
  C:18DCH         LINE#         3292
  C:18DFH         LINE#         3293
  C:18E0H         LINE#         3294
  C:18E1H         LINE#         3300
  C:18E3H         LINE#         3302
  C:18E5H         LINE#         3306
  C:17DBH         LINE#         3319
  C:17DDH         LINE#         3320
  C:17DFH         LINE#         3321
  C:17E1H         LINE#         3322
  C:17E4H         LINE#         3325
  C:17E6H         LINE#         3327
  C:17E8H         LINE#         3329
  C:17EBH         LINE#         3331
  C:17EDH         LINE#         3333
  C:17EFH         LINE#         3338
  C:17F2H         LINE#         3340
  C:17F4H         LINE#         3344
  C:17F6H         LINE#         3345
  C:17F7H         LINE#         3346
  C:17F9H         LINE#         3347
  C:17FBH         LINE#         3348
  C:17FEH         LINE#         3349
  C:17FFH         LINE#         3350
  C:1800H         LINE#         3354
  C:1803H         LINE#         3355
  C:1806H         LINE#         3356
  C:1807H         LINE#         3357
  C:1808H         LINE#         3361
  C:180BH         LINE#         3362
  C:180EH         LINE#         3363
  C:180FH         LINE#         3364
  C:1810H         LINE#         3368
  C:1813H         LINE#         3369
  C:1816H         LINE#         3370
  C:1817H         LINE#         3371
  C:1818H         LINE#         3377
  C:181AH         LINE#         3379
  C:181CH         LINE#         3383
  C:1686H         LINE#         3396
  C:1688H         LINE#         3397
  C:168AH         LINE#         3398
  C:168CH         LINE#         3399
  C:168FH         LINE#         3402
  C:1691H         LINE#         3404
  C:1693H         LINE#         3406
  C:1696H         LINE#         3408
  C:1698H         LINE#         3410
  C:169AH         LINE#         3415
  C:169DH         LINE#         3417
  C:169FH         LINE#         3419
  C:16A0H         LINE#         3423
  C:16A2H         LINE#         3424
  C:16A3H         LINE#         3425
  C:16A5H         LINE#         3426
  C:16A7H         LINE#         3427
BL51 BANKED LINKER/LOCATER V6.22                                                      07/21/2014  16:39:35  PAGE 101


  C:16AAH         LINE#         3428
  C:16ABH         LINE#         3429
  C:16ACH         LINE#         3433
  C:16AFH         LINE#         3434
  C:16B2H         LINE#         3435
  C:16B3H         LINE#         3436
  C:16B4H         LINE#         3440
  C:16B7H         LINE#         3441
  C:16BAH         LINE#         3442
  C:16BBH         LINE#         3443
  C:16BCH         LINE#         3447
  C:16BFH         LINE#         3448
  C:16C2H         LINE#         3449
  C:16C3H         LINE#         3450
  C:16C4H         LINE#         3456
  C:16C6H         LINE#         3458
  C:16C8H         LINE#         3462
  C:116AH         LINE#         3475
  C:116CH         LINE#         3476
  C:116EH         LINE#         3477
  C:1170H         LINE#         3478
  C:1173H         LINE#         3481
  C:1175H         LINE#         3483
  C:1177H         LINE#         3485
  C:117AH         LINE#         3487
  C:117CH         LINE#         3489
  C:117EH         LINE#         3494
  C:117FH         LINE#         3496
  C:1182H         LINE#         3498
  C:1185H         LINE#         3500
  C:1186H         LINE#         3504
  C:1188H         LINE#         3505
  C:118AH         LINE#         3506
  C:118DH         LINE#         3507
  C:118EH         LINE#         3508
  C:118FH         LINE#         3512
  C:1191H         LINE#         3513
  C:1193H         LINE#         3514
  C:1196H         LINE#         3515
  C:1197H         LINE#         3516
  C:1198H         LINE#         3520
  C:119BH         LINE#         3521
  C:119EH         LINE#         3522
  C:119FH         LINE#         3523
  C:11A0H         LINE#         3527
  C:11A3H         LINE#         3528
  C:11A6H         LINE#         3529
  C:11A7H         LINE#         3530
  C:11A8H         LINE#         3534
  C:11ABH         LINE#         3535
  C:11AEH         LINE#         3536
  C:11AFH         LINE#         3537
  C:11B0H         LINE#         3542
  C:11B1H         LINE#         3544
  C:11B4H         LINE#         3546
  C:11B7H         LINE#         3548
  C:11B8H         LINE#         3552
BL51 BANKED LINKER/LOCATER V6.22                                                      07/21/2014  16:39:35  PAGE 102


  C:11BAH         LINE#         3553
  C:11BCH         LINE#         3554
  C:11BFH         LINE#         3555
  C:11C0H         LINE#         3556
  C:11C1H         LINE#         3560
  C:11C3H         LINE#         3561
  C:11C5H         LINE#         3562
  C:11C7H         LINE#         3563
  C:11CAH         LINE#         3564
  C:11CBH         LINE#         3565
  C:11CCH         LINE#         3569
  C:11CFH         LINE#         3570
  C:11D2H         LINE#         3571
  C:11D3H         LINE#         3572
  C:11D4H         LINE#         3576
  C:11D7H         LINE#         3577
  C:11DAH         LINE#         3578
  C:11DBH         LINE#         3579
  C:11DCH         LINE#         3583
  C:11DFH         LINE#         3584
  C:11E2H         LINE#         3585
  C:11E3H         LINE#         3586
  C:11E4H         LINE#         3591
  C:11E6H         LINE#         3593
  C:11E8H         LINE#         3597
  C:1268H         LINE#         3610
  C:126AH         LINE#         3611
  C:126CH         LINE#         3612
  C:126EH         LINE#         3613
  C:1271H         LINE#         3616
  C:1273H         LINE#         3618
  C:1275H         LINE#         3620
  C:1278H         LINE#         3622
  C:127AH         LINE#         3624
  C:127CH         LINE#         3629
  C:127DH         LINE#         3631
  C:127FH         LINE#         3633
  C:1282H         LINE#         3635
  C:1285H         LINE#         3637
  C:1286H         LINE#         3641
  C:1288H         LINE#         3642
  C:128AH         LINE#         3643
  C:128DH         LINE#         3644
  C:128EH         LINE#         3645
  C:128FH         LINE#         3649
  C:1291H         LINE#         3650
  C:1293H         LINE#         3651
  C:1295H         LINE#         3652
  C:1298H         LINE#         3653
  C:1299H         LINE#         3654
  C:129AH         LINE#         3658
  C:129DH         LINE#         3659
  C:12A0H         LINE#         3660
  C:12A1H         LINE#         3661
  C:12A2H         LINE#         3665
  C:12A5H         LINE#         3666
  C:12A8H         LINE#         3667
BL51 BANKED LINKER/LOCATER V6.22                                                      07/21/2014  16:39:35  PAGE 103


  C:12A9H         LINE#         3668
  C:12AAH         LINE#         3672
  C:12ADH         LINE#         3673
  C:12B0H         LINE#         3674
  C:12B1H         LINE#         3675
  C:12B2H         LINE#         3680
  C:12B3H         LINE#         3682
  C:12B6H         LINE#         3684
  C:12B9H         LINE#         3686
  C:12BAH         LINE#         3690
  C:12BDH         LINE#         3691
  C:12C0H         LINE#         3692
  C:12C1H         LINE#         3693
  C:12C2H         LINE#         3697
  C:12C5H         LINE#         3698
  C:12C8H         LINE#         3699
  C:12C9H         LINE#         3700
  C:12CAH         LINE#         3704
  C:12CDH         LINE#         3705
  C:12D0H         LINE#         3706
  C:12D1H         LINE#         3707
  C:12D2H         LINE#         3712
  C:12D4H         LINE#         3714
  C:12D6H         LINE#         3718
  C:12D9H         LINE#         3731
  C:12DBH         LINE#         3732
  C:12DDH         LINE#         3733
  C:12DFH         LINE#         3734
  C:12E2H         LINE#         3737
  C:12E4H         LINE#         3739
  C:12E6H         LINE#         3741
  C:12E9H         LINE#         3743
  C:12EBH         LINE#         3745
  C:12EDH         LINE#         3750
  C:12F0H         LINE#         3752
  C:12F2H         LINE#         3754
  C:12F4H         LINE#         3756
  C:12F5H         LINE#         3758
  C:12F6H         LINE#         3760
  C:12F7H         LINE#         3764
  C:12F9H         LINE#         3765
  C:12FBH         LINE#         3766
  C:12FEH         LINE#         3767
  C:12FFH         LINE#         3768
  C:1300H         LINE#         3772
  C:1303H         LINE#         3773
  C:1306H         LINE#         3774
  C:1307H         LINE#         3775
  C:1308H         LINE#         3779
  C:130BH         LINE#         3780
  C:130EH         LINE#         3781
  C:130FH         LINE#         3782
  C:1310H         LINE#         3786
  C:1313H         LINE#         3787
  C:1316H         LINE#         3788
  C:1317H         LINE#         3789
  C:1318H         LINE#         3794
BL51 BANKED LINKER/LOCATER V6.22                                                      07/21/2014  16:39:35  PAGE 104


  C:131BH         LINE#         3796
  C:131DH         LINE#         3798
  C:131EH         LINE#         3802
  C:1320H         LINE#         3803
  C:1322H         LINE#         3804
  C:1325H         LINE#         3805
  C:1326H         LINE#         3806
  C:1327H         LINE#         3810
  C:132AH         LINE#         3811
  C:132DH         LINE#         3812
  C:132EH         LINE#         3813
  C:132FH         LINE#         3817
  C:1332H         LINE#         3818
  C:1335H         LINE#         3819
  C:1336H         LINE#         3820
  C:1337H         LINE#         3824
  C:133AH         LINE#         3825
  C:133DH         LINE#         3826
  C:133EH         LINE#         3827
  C:133FH         LINE#         3833
  C:1341H         LINE#         3835
  C:1343H         LINE#         3839
  -------         ENDMOD        ARITHMETIC

  -------         MODULE        INSTRUCTION
  C:0000H         SYMBOL        _ICE_DUMMY_
  D:0090H         PUBLIC        P1
  D:00B0H         PUBLIC        P3
  C:27BDH         PUBLIC        instruction_test_all
  D:00A8H         PUBLIC        IE
  D:00B8H         PUBLIC        IP
  C:27ABH         PUBLIC        error
  C:15B2H         PUBLIC        arithmetic
  D:0098H         PUBLIC        SCON
  D:0088H         PUBLIC        TCON
  C:1567H         PUBLIC        logical
  C:1C9BH         PUBLIC        boolean
  D:00C8H         PUBLIC        T2CON
  C:14C6H         PUBLIC        transfer
  D:00D0H         PUBLIC        PSW
  C:1F84H         PUBLIC        program
  -------         PROC          ERROR
  C:27ABH         LINE#         5
  C:27ABH         LINE#         6
  C:27B1H         LINE#         7
  C:27BAH         LINE#         8
  C:27BCH         LINE#         9
  C:27BCH         LINE#         10
  -------         ENDPROC       ERROR
  -------         PROC          INSTRUCTION_TEST_ALL
  C:27BDH         LINE#         12
  C:27BDH         LINE#         14
  C:27C0H         LINE#         17
  C:27C3H         LINE#         20
  C:27C6H         LINE#         23
  C:27C9H         LINE#         26
  -------         ENDPROC       INSTRUCTION_TEST_ALL
BL51 BANKED LINKER/LOCATER V6.22                                                      07/21/2014  16:39:35  PAGE 105


  -------         PROC          ARITHMETIC
  C:15B2H         LINE#         30
  C:15B2H         LINE#         32
  C:15B5H         LINE#         35
  C:15B8H         LINE#         38
  C:15BBH         LINE#         41
  C:15BEH         LINE#         44
  C:15C1H         LINE#         47
  C:15C4H         LINE#         50
  C:15C7H         LINE#         53
  C:15CAH         LINE#         56
  C:15CDH         LINE#         59
  C:15D0H         LINE#         62
  C:15D3H         LINE#         65
  C:15D6H         LINE#         68
  C:15D9H         LINE#         71
  C:15DCH         LINE#         74
  C:15DFH         LINE#         77
  C:15E2H         LINE#         80
  C:15E5H         LINE#         83
  C:15E8H         LINE#         86
  C:15EBH         LINE#         89
  C:15EEH         LINE#         92
  C:15F1H         LINE#         95
  C:15F4H         LINE#         98
  C:15F7H         LINE#         101
  -------         ENDPROC       ARITHMETIC
  -------         PROC          LOGICAL
  C:1567H         LINE#         105
  C:1567H         LINE#         107
  C:156AH         LINE#         110
  C:156DH         LINE#         113
  C:1570H         LINE#         116
  C:1573H         LINE#         119
  C:1576H         LINE#         122
  C:1579H         LINE#         125
  C:157CH         LINE#         128
  C:157FH         LINE#         131
  C:1582H         LINE#         134
  C:1585H         LINE#         137
  C:1588H         LINE#         140
  C:158BH         LINE#         143
  C:158EH         LINE#         146
  C:1591H         LINE#         149
  C:1594H         LINE#         152
  C:1597H         LINE#         155
  C:159AH         LINE#         158
  C:159DH         LINE#         161
  C:15A0H         LINE#         164
  C:15A3H         LINE#         167
  C:15A6H         LINE#         170
  C:15A9H         LINE#         173
  C:15ACH         LINE#         176
  C:15AFH         LINE#         179
  -------         ENDPROC       LOGICAL
  -------         PROC          TRANSFER
  C:14C6H         LINE#         183
BL51 BANKED LINKER/LOCATER V6.22                                                      07/21/2014  16:39:35  PAGE 106


  C:14C6H         LINE#         185
  C:14C9H         LINE#         188
  C:14CCH         LINE#         191
  C:14CFH         LINE#         194
  C:14D2H         LINE#         197
  C:14D5H         LINE#         200
  C:14D8H         LINE#         203
  C:14DBH         LINE#         206
  C:14DEH         LINE#         209
  C:14E1H         LINE#         212
  C:14E4H         LINE#         215
  C:14E7H         LINE#         218
  C:14EAH         LINE#         221
  C:14EDH         LINE#         224
  C:14F0H         LINE#         227
  C:14F3H         LINE#         230
  C:14F6H         LINE#         233
  C:14F9H         LINE#         236
  C:14FCH         LINE#         239
  C:14FFH         LINE#         242
  C:1502H         LINE#         245
  C:1505H         LINE#         248
  C:1508H         LINE#         251
  C:150BH         LINE#         254
  C:150EH         LINE#         257
  C:1511H         LINE#         260
  C:1514H         LINE#         263
  C:1517H         LINE#         266
  -------         ENDPROC       TRANSFER
  -------         PROC          BOOLEAN
  C:1C9BH         LINE#         270
  C:1C9BH         LINE#         272
  C:1C9EH         LINE#         275
  C:1CA1H         LINE#         278
  C:1CA4H         LINE#         281
  C:1CA7H         LINE#         284
  C:1CAAH         LINE#         287
  C:1CADH         LINE#         290
  C:1CB0H         LINE#         293
  C:1CB3H         LINE#         296
  C:1CB6H         LINE#         299
  C:1CB9H         LINE#         302
  C:1CBCH         LINE#         305
  C:1CBFH         LINE#         308
  C:1CC2H         LINE#         311
  C:1CC5H         LINE#         314
  C:1CC8H         LINE#         317
  C:1CCBH         LINE#         320
  -------         ENDPROC       BOOLEAN
  -------         PROC          PROGRAM
  C:1F84H         LINE#         324
  C:1F84H         LINE#         326
  C:1F87H         LINE#         329
  C:1F8AH         LINE#         332
  C:1F8DH         LINE#         335
  C:1F90H         LINE#         338
  C:1F93H         LINE#         341
BL51 BANKED LINKER/LOCATER V6.22                                                      07/21/2014  16:39:35  PAGE 107


  C:1F96H         LINE#         344
  C:1F99H         LINE#         347
  C:1F9CH         LINE#         350
  C:1F9FH         LINE#         353
  C:1FA2H         LINE#         356
  C:1FA5H         LINE#         359
  C:1FA8H         LINE#         362
  C:1FABH         LINE#         365
  C:1FAEH         LINE#         368
  -------         ENDPROC       PROGRAM
  -------         ENDMOD        INSTRUCTION

  -------         MODULE        PRINTF
  D:0008H         PUBLIC        ?_PRINTF517?BYTE
  D:0008H         PUBLIC        ?_PRINTF?BYTE
  D:0008H         PUBLIC        ?_SPRINTF517?BYTE
  D:0008H         PUBLIC        ?_SPRINTF?BYTE
  C:0065H         PUBLIC        _PRINTF
  C:0065H         PUBLIC        _PRINTF517
  C:005FH         PUBLIC        _SPRINTF
  C:005FH         PUBLIC        _SPRINTF517
  -------         ENDMOD        PRINTF

  -------         MODULE        ?C?CLDPTR
  C:10DCH         PUBLIC        ?C?CLDPTR
  -------         ENDMOD        ?C?CLDPTR

  -------         MODULE        ?C?CLDOPTR
  C:10F5H         PUBLIC        ?C?CLDOPTR
  -------         ENDMOD        ?C?CLDOPTR

  -------         MODULE        ?C?CSTPTR
  C:1122H         PUBLIC        ?C?CSTPTR
  -------         ENDMOD        ?C?CSTPTR

  -------         MODULE        ?C?PLDIIDATA
  C:1134H         PUBLIC        ?C?PLDIIDATA
  -------         ENDMOD        ?C?PLDIIDATA

  -------         MODULE        ?C?CCASE
  C:1144H         PUBLIC        ?C?CCASE
  -------         ENDMOD        ?C?CCASE

  -------         MODULE        PUTCHAR
  C:26CBH         PUBLIC        _PUTCHAR
  -------         ENDMOD        PUTCHAR

Program Size: data=30.1 xdata=0 code=10215
LINK/LOCATE RUN COMPLETE.  0 WARNING(S),  0 ERROR(S)
